Loading file(s): 'Packing.mabe'
Setting Random Seed to 20
random_seed = 20

UD:1  MainPopSize=1000  AveFitness=0  MaxFitness=0
UD:2  MainPopSize=1000  AveFitness=0  MaxFitness=0
UD:3  MainPopSize=1000  AveFitness=0  MaxFitness=0
UD:4  MainPopSize=1000  AveFitness=0  MaxFitness=0
UD:5  MainPopSize=1000  AveFitness=0  MaxFitness=0
UD:6  MainPopSize=1000  AveFitness=0  MaxFitness=0
UD:7  MainPopSize=1000  AveFitness=0  MaxFitness=0
UD:8  MainPopSize=1000  AveFitness=0  MaxFitness=0
UD:9  MainPopSize=1000  AveFitness=0  MaxFitness=0
UD:10  MainPopSize=1000  AveFitness=0  MaxFitness=0
UD:11  MainPopSize=1000  AveFitness=0  MaxFitness=0
UD:12  MainPopSize=1000  AveFitness=0  MaxFitness=0
UD:13  MainPopSize=1000  AveFitness=0  MaxFitness=0
UD:14  MainPopSize=1000  AveFitness=0  MaxFitness=0
UD:15  MainPopSize=1000  AveFitness=0  MaxFitness=0
UD:16  MainPopSize=1000  AveFitness=0  MaxFitness=0
UD:17  MainPopSize=1000  AveFitness=0  MaxFitness=0
UD:18  MainPopSize=1000  AveFitness=0  MaxFitness=0
UD:19  MainPopSize=1000  AveFitness=0  MaxFitness=0
UD:20  MainPopSize=1000  AveFitness=0.001  MaxFitness=1
UD:21  MainPopSize=1000  AveFitness=0.087  MaxFitness=1
UD:22  MainPopSize=1000  AveFitness=0.88  MaxFitness=1
UD:23  MainPopSize=1000  AveFitness=0.866  MaxFitness=1
UD:24  MainPopSize=1000  AveFitness=0.882  MaxFitness=1
UD:25  MainPopSize=1000  AveFitness=0.865  MaxFitness=1
UD:26  MainPopSize=1000  AveFitness=0.885  MaxFitness=1
UD:27  MainPopSize=1000  AveFitness=0.874  MaxFitness=1
UD:28  MainPopSize=1000  AveFitness=0.866  MaxFitness=1
UD:29  MainPopSize=1000  AveFitness=0.879  MaxFitness=2
UD:30  MainPopSize=1000  AveFitness=0.954  MaxFitness=2
UD:31  MainPopSize=1000  AveFitness=1.738  MaxFitness=2
UD:32  MainPopSize=1000  AveFitness=1.758  MaxFitness=2
UD:33  MainPopSize=1000  AveFitness=1.785  MaxFitness=2
UD:34  MainPopSize=1000  AveFitness=1.762  MaxFitness=2
UD:35  MainPopSize=1000  AveFitness=1.767  MaxFitness=2
UD:36  MainPopSize=1000  AveFitness=1.761  MaxFitness=2
UD:37  MainPopSize=1000  AveFitness=1.765  MaxFitness=2
UD:38  MainPopSize=1000  AveFitness=1.743  MaxFitness=2
UD:39  MainPopSize=1000  AveFitness=1.76  MaxFitness=2
UD:40  MainPopSize=1000  AveFitness=1.771  MaxFitness=2
UD:41  MainPopSize=1000  AveFitness=1.753  MaxFitness=2
UD:42  MainPopSize=1000  AveFitness=1.774  MaxFitness=2
UD:43  MainPopSize=1000  AveFitness=1.76  MaxFitness=2
UD:44  MainPopSize=1000  AveFitness=1.755  MaxFitness=2
UD:45  MainPopSize=1000  AveFitness=1.749  MaxFitness=2
UD:46  MainPopSize=1000  AveFitness=1.766  MaxFitness=2
UD:47  MainPopSize=1000  AveFitness=1.761  MaxFitness=3
UD:48  MainPopSize=1000  AveFitness=1.866  MaxFitness=3
UD:49  MainPopSize=1000  AveFitness=2.654  MaxFitness=3
UD:50  MainPopSize=1000  AveFitness=2.658  MaxFitness=3
UD:51  MainPopSize=1000  AveFitness=2.649  MaxFitness=3
UD:52  MainPopSize=1000  AveFitness=2.628  MaxFitness=3
UD:53  MainPopSize=1000  AveFitness=2.628  MaxFitness=4
UD:54  MainPopSize=1000  AveFitness=2.732  MaxFitness=4
UD:55  MainPopSize=1000  AveFitness=3.526  MaxFitness=4
UD:56  MainPopSize=1000  AveFitness=3.501  MaxFitness=4
UD:57  MainPopSize=1000  AveFitness=3.485  MaxFitness=4
UD:58  MainPopSize=1000  AveFitness=3.524  MaxFitness=4
UD:59  MainPopSize=1000  AveFitness=3.524  MaxFitness=4
UD:60  MainPopSize=1000  AveFitness=3.528  MaxFitness=4
UD:61  MainPopSize=1000  AveFitness=3.52  MaxFitness=4
UD:62  MainPopSize=1000  AveFitness=3.526  MaxFitness=4
UD:63  MainPopSize=1000  AveFitness=3.491  MaxFitness=5
UD:64  MainPopSize=1000  AveFitness=3.667  MaxFitness=5
UD:65  MainPopSize=1000  AveFitness=4.382  MaxFitness=5
UD:66  MainPopSize=1000  AveFitness=4.424  MaxFitness=5
UD:67  MainPopSize=1000  AveFitness=4.424  MaxFitness=5
UD:68  MainPopSize=1000  AveFitness=4.365  MaxFitness=5
UD:69  MainPopSize=1000  AveFitness=4.456  MaxFitness=5
UD:70  MainPopSize=1000  AveFitness=4.383  MaxFitness=5
UD:71  MainPopSize=1000  AveFitness=4.423  MaxFitness=5
UD:72  MainPopSize=1000  AveFitness=4.408  MaxFitness=5
UD:73  MainPopSize=1000  AveFitness=4.409  MaxFitness=5
UD:74  MainPopSize=1000  AveFitness=4.441  MaxFitness=5
UD:75  MainPopSize=1000  AveFitness=4.377  MaxFitness=5
UD:76  MainPopSize=1000  AveFitness=4.4  MaxFitness=5
UD:77  MainPopSize=1000  AveFitness=4.387  MaxFitness=5
UD:78  MainPopSize=1000  AveFitness=4.415  MaxFitness=5
UD:79  MainPopSize=1000  AveFitness=4.413  MaxFitness=5
UD:80  MainPopSize=1000  AveFitness=4.401  MaxFitness=5
UD:81  MainPopSize=1000  AveFitness=4.393  MaxFitness=6
UD:82  MainPopSize=1000  AveFitness=4.568  MaxFitness=6
UD:83  MainPopSize=1000  AveFitness=5.319  MaxFitness=6
UD:84  MainPopSize=1000  AveFitness=5.292  MaxFitness=6
UD:85  MainPopSize=1000  AveFitness=5.281  MaxFitness=6
UD:86  MainPopSize=1000  AveFitness=5.258  MaxFitness=6
UD:87  MainPopSize=1000  AveFitness=5.251  MaxFitness=6
UD:88  MainPopSize=1000  AveFitness=5.342  MaxFitness=6
UD:89  MainPopSize=1000  AveFitness=5.29  MaxFitness=6
UD:90  MainPopSize=1000  AveFitness=5.289  MaxFitness=6
UD:91  MainPopSize=1000  AveFitness=5.272  MaxFitness=6
UD:92  MainPopSize=1000  AveFitness=5.324  MaxFitness=6
UD:93  MainPopSize=1000  AveFitness=5.308  MaxFitness=6
UD:94  MainPopSize=1000  AveFitness=5.27  MaxFitness=6
UD:95  MainPopSize=1000  AveFitness=5.293  MaxFitness=6
UD:96  MainPopSize=1000  AveFitness=5.31  MaxFitness=6
UD:97  MainPopSize=1000  AveFitness=5.267  MaxFitness=6
UD:98  MainPopSize=1000  AveFitness=5.295  MaxFitness=6
UD:99  MainPopSize=1000  AveFitness=5.322  MaxFitness=6
UD:100  MainPopSize=1000  AveFitness=5.27  MaxFitness=6
UD:101  MainPopSize=1000  AveFitness=5.303  MaxFitness=6
UD:102  MainPopSize=1000  AveFitness=5.286  MaxFitness=6
UD:103  MainPopSize=1000  AveFitness=5.266  MaxFitness=6
UD:104  MainPopSize=1000  AveFitness=5.258  MaxFitness=6
UD:105  MainPopSize=1000  AveFitness=5.262  MaxFitness=6
UD:106  MainPopSize=1000  AveFitness=5.3  MaxFitness=6
UD:107  MainPopSize=1000  AveFitness=5.296  MaxFitness=6
UD:108  MainPopSize=1000  AveFitness=5.264  MaxFitness=6
UD:109  MainPopSize=1000  AveFitness=5.293  MaxFitness=6
UD:110  MainPopSize=1000  AveFitness=5.326  MaxFitness=6
UD:111  MainPopSize=1000  AveFitness=5.282  MaxFitness=6
UD:112  MainPopSize=1000  AveFitness=5.283  MaxFitness=6
UD:113  MainPopSize=1000  AveFitness=5.294  MaxFitness=6
UD:114  MainPopSize=1000  AveFitness=5.294  MaxFitness=6
UD:115  MainPopSize=1000  AveFitness=5.256  MaxFitness=6
UD:116  MainPopSize=1000  AveFitness=5.343  MaxFitness=6
UD:117  MainPopSize=1000  AveFitness=5.318  MaxFitness=6
UD:118  MainPopSize=1000  AveFitness=5.27  MaxFitness=6
UD:119  MainPopSize=1000  AveFitness=5.297  MaxFitness=6
UD:120  MainPopSize=1000  AveFitness=5.299  MaxFitness=6
UD:121  MainPopSize=1000  AveFitness=5.312  MaxFitness=6
UD:122  MainPopSize=1000  AveFitness=5.334  MaxFitness=7
UD:123  MainPopSize=1000  AveFitness=5.39  MaxFitness=7
UD:124  MainPopSize=1000  AveFitness=6.093  MaxFitness=7
UD:125  MainPopSize=1000  AveFitness=6.154  MaxFitness=7
UD:126  MainPopSize=1000  AveFitness=6.131  MaxFitness=7
UD:127  MainPopSize=1000  AveFitness=6.161  MaxFitness=7
UD:128  MainPopSize=1000  AveFitness=6.142  MaxFitness=7
UD:129  MainPopSize=1000  AveFitness=6.155  MaxFitness=7
UD:130  MainPopSize=1000  AveFitness=6.119  MaxFitness=7
UD:131  MainPopSize=1000  AveFitness=6.205  MaxFitness=7
UD:132  MainPopSize=1000  AveFitness=6.107  MaxFitness=7
UD:133  MainPopSize=1000  AveFitness=6.163  MaxFitness=7
UD:134  MainPopSize=1000  AveFitness=6.167  MaxFitness=7
UD:135  MainPopSize=1000  AveFitness=6.152  MaxFitness=7
UD:136  MainPopSize=1000  AveFitness=6.144  MaxFitness=7
UD:137  MainPopSize=1000  AveFitness=6.191  MaxFitness=7
UD:138  MainPopSize=1000  AveFitness=6.13  MaxFitness=7
UD:139  MainPopSize=1000  AveFitness=6.132  MaxFitness=7
UD:140  MainPopSize=1000  AveFitness=6.141  MaxFitness=7
UD:141  MainPopSize=1000  AveFitness=6.135  MaxFitness=7
UD:142  MainPopSize=1000  AveFitness=6.188  MaxFitness=7
UD:143  MainPopSize=1000  AveFitness=6.143  MaxFitness=7
UD:144  MainPopSize=1000  AveFitness=6.172  MaxFitness=8
UD:145  MainPopSize=1000  AveFitness=6.238  MaxFitness=8
UD:146  MainPopSize=1000  AveFitness=7.048  MaxFitness=8
UD:147  MainPopSize=1000  AveFitness=6.995  MaxFitness=8
UD:148  MainPopSize=1000  AveFitness=7.01  MaxFitness=8
UD:149  MainPopSize=1000  AveFitness=7.009  MaxFitness=8
UD:150  MainPopSize=1000  AveFitness=7.036  MaxFitness=8
UD:151  MainPopSize=1000  AveFitness=7.035  MaxFitness=8
UD:152  MainPopSize=1000  AveFitness=6.996  MaxFitness=8
UD:153  MainPopSize=1000  AveFitness=7.071  MaxFitness=8
UD:154  MainPopSize=1000  AveFitness=7.069  MaxFitness=8
UD:155  MainPopSize=1000  AveFitness=7.04  MaxFitness=8
UD:156  MainPopSize=1000  AveFitness=7.068  MaxFitness=8
UD:157  MainPopSize=1000  AveFitness=7.05  MaxFitness=8
UD:158  MainPopSize=1000  AveFitness=7.059  MaxFitness=8
UD:159  MainPopSize=1000  AveFitness=7.098  MaxFitness=8
UD:160  MainPopSize=1000  AveFitness=7.024  MaxFitness=8
UD:161  MainPopSize=1000  AveFitness=7.019  MaxFitness=8
UD:162  MainPopSize=1000  AveFitness=7.041  MaxFitness=8
UD:163  MainPopSize=1000  AveFitness=7.06  MaxFitness=8
UD:164  MainPopSize=1000  AveFitness=7.046  MaxFitness=8
UD:165  MainPopSize=1000  AveFitness=7.046  MaxFitness=8
UD:166  MainPopSize=1000  AveFitness=7.055  MaxFitness=8
UD:167  MainPopSize=1000  AveFitness=7.03  MaxFitness=8
UD:168  MainPopSize=1000  AveFitness=7.034  MaxFitness=8
UD:169  MainPopSize=1000  AveFitness=7.068  MaxFitness=8
UD:170  MainPopSize=1000  AveFitness=7.001  MaxFitness=8
UD:171  MainPopSize=1000  AveFitness=7.063  MaxFitness=8
UD:172  MainPopSize=1000  AveFitness=7.081  MaxFitness=8
UD:173  MainPopSize=1000  AveFitness=7.026  MaxFitness=8
UD:174  MainPopSize=1000  AveFitness=7.055  MaxFitness=8
UD:175  MainPopSize=1000  AveFitness=7.114  MaxFitness=8
UD:176  MainPopSize=1000  AveFitness=7.017  MaxFitness=8
UD:177  MainPopSize=1000  AveFitness=7.049  MaxFitness=8
UD:178  MainPopSize=1000  AveFitness=7.086  MaxFitness=8
UD:179  MainPopSize=1000  AveFitness=7.04  MaxFitness=8
UD:180  MainPopSize=1000  AveFitness=7.022  MaxFitness=8
UD:181  MainPopSize=1000  AveFitness=7.056  MaxFitness=8
UD:182  MainPopSize=1000  AveFitness=7.076  MaxFitness=8
UD:183  MainPopSize=1000  AveFitness=7.063  MaxFitness=8
UD:184  MainPopSize=1000  AveFitness=7.083  MaxFitness=8
UD:185  MainPopSize=1000  AveFitness=7.037  MaxFitness=8
UD:186  MainPopSize=1000  AveFitness=6.967  MaxFitness=8
UD:187  MainPopSize=1000  AveFitness=7.029  MaxFitness=8
UD:188  MainPopSize=1000  AveFitness=7.062  MaxFitness=8
UD:189  MainPopSize=1000  AveFitness=7.107  MaxFitness=8
UD:190  MainPopSize=1000  AveFitness=7.033  MaxFitness=8
UD:191  MainPopSize=1000  AveFitness=7.06  MaxFitness=8
UD:192  MainPopSize=1000  AveFitness=6.963  MaxFitness=8
UD:193  MainPopSize=1000  AveFitness=7.047  MaxFitness=8
UD:194  MainPopSize=1000  AveFitness=7.07  MaxFitness=8
UD:195  MainPopSize=1000  AveFitness=7.023  MaxFitness=8
UD:196  MainPopSize=1000  AveFitness=7.033  MaxFitness=8
UD:197  MainPopSize=1000  AveFitness=6.981  MaxFitness=8
UD:198  MainPopSize=1000  AveFitness=7.009  MaxFitness=8
UD:199  MainPopSize=1000  AveFitness=7.067  MaxFitness=8
UD:200  MainPopSize=1000  AveFitness=7.106  MaxFitness=8
UD:201  MainPopSize=1000  AveFitness=7.053  MaxFitness=8
UD:202  MainPopSize=1000  AveFitness=6.98  MaxFitness=8
UD:203  MainPopSize=1000  AveFitness=7.034  MaxFitness=8
UD:204  MainPopSize=1000  AveFitness=7.054  MaxFitness=8
UD:205  MainPopSize=1000  AveFitness=7.06  MaxFitness=8
UD:206  MainPopSize=1000  AveFitness=7.017  MaxFitness=8
UD:207  MainPopSize=1000  AveFitness=7.025  MaxFitness=8
UD:208  MainPopSize=1000  AveFitness=6.985  MaxFitness=8
UD:209  MainPopSize=1000  AveFitness=7.057  MaxFitness=8
UD:210  MainPopSize=1000  AveFitness=6.976  MaxFitness=8
UD:211  MainPopSize=1000  AveFitness=7.092  MaxFitness=8
UD:212  MainPopSize=1000  AveFitness=7.045  MaxFitness=8
UD:213  MainPopSize=1000  AveFitness=7.074  MaxFitness=8
UD:214  MainPopSize=1000  AveFitness=7.001  MaxFitness=8
UD:215  MainPopSize=1000  AveFitness=7.031  MaxFitness=8
UD:216  MainPopSize=1000  AveFitness=6.993  MaxFitness=8
UD:217  MainPopSize=1000  AveFitness=7.067  MaxFitness=8
UD:218  MainPopSize=1000  AveFitness=7.028  MaxFitness=8
UD:219  MainPopSize=1000  AveFitness=7.046  MaxFitness=8
UD:220  MainPopSize=1000  AveFitness=7.033  MaxFitness=8
UD:221  MainPopSize=1000  AveFitness=7.037  MaxFitness=8
UD:222  MainPopSize=1000  AveFitness=7.101  MaxFitness=8
UD:223  MainPopSize=1000  AveFitness=6.99  MaxFitness=8
UD:224  MainPopSize=1000  AveFitness=7.048  MaxFitness=8
UD:225  MainPopSize=1000  AveFitness=7.081  MaxFitness=8
UD:226  MainPopSize=1000  AveFitness=7.047  MaxFitness=8
UD:227  MainPopSize=1000  AveFitness=7.056  MaxFitness=8
UD:228  MainPopSize=1000  AveFitness=7  MaxFitness=8
UD:229  MainPopSize=1000  AveFitness=7.022  MaxFitness=8
UD:230  MainPopSize=1000  AveFitness=7.089  MaxFitness=8
UD:231  MainPopSize=1000  AveFitness=7.054  MaxFitness=8
UD:232  MainPopSize=1000  AveFitness=7.021  MaxFitness=8
UD:233  MainPopSize=1000  AveFitness=6.984  MaxFitness=8
UD:234  MainPopSize=1000  AveFitness=7.05  MaxFitness=8
UD:235  MainPopSize=1000  AveFitness=7.038  MaxFitness=8
UD:236  MainPopSize=1000  AveFitness=7.07  MaxFitness=8
UD:237  MainPopSize=1000  AveFitness=7.016  MaxFitness=8
UD:238  MainPopSize=1000  AveFitness=7.083  MaxFitness=8
UD:239  MainPopSize=1000  AveFitness=7.076  MaxFitness=8
UD:240  MainPopSize=1000  AveFitness=7.04  MaxFitness=8
UD:241  MainPopSize=1000  AveFitness=6.991  MaxFitness=8
UD:242  MainPopSize=1000  AveFitness=7.026  MaxFitness=8
UD:243  MainPopSize=1000  AveFitness=7.099  MaxFitness=8
UD:244  MainPopSize=1000  AveFitness=7.035  MaxFitness=8
UD:245  MainPopSize=1000  AveFitness=7.069  MaxFitness=8
UD:246  MainPopSize=1000  AveFitness=7.045  MaxFitness=8
UD:247  MainPopSize=1000  AveFitness=7.005  MaxFitness=8
UD:248  MainPopSize=1000  AveFitness=7.04  MaxFitness=8
UD:249  MainPopSize=1000  AveFitness=7.038  MaxFitness=8
UD:250  MainPopSize=1000  AveFitness=7.062  MaxFitness=8
UD:251  MainPopSize=1000  AveFitness=6.99  MaxFitness=8
UD:252  MainPopSize=1000  AveFitness=7.02  MaxFitness=8
UD:253  MainPopSize=1000  AveFitness=7.024  MaxFitness=8
UD:254  MainPopSize=1000  AveFitness=7.056  MaxFitness=8
UD:255  MainPopSize=1000  AveFitness=7.036  MaxFitness=8
UD:256  MainPopSize=1000  AveFitness=7.051  MaxFitness=8
UD:257  MainPopSize=1000  AveFitness=7.103  MaxFitness=8
UD:258  MainPopSize=1000  AveFitness=7.046  MaxFitness=8
UD:259  MainPopSize=1000  AveFitness=7.04  MaxFitness=8
UD:260  MainPopSize=1000  AveFitness=7.009  MaxFitness=8
UD:261  MainPopSize=1000  AveFitness=7.019  MaxFitness=8
UD:262  MainPopSize=1000  AveFitness=7.038  MaxFitness=8
UD:263  MainPopSize=1000  AveFitness=6.969  MaxFitness=8
UD:264  MainPopSize=1000  AveFitness=7.061  MaxFitness=8
UD:265  MainPopSize=1000  AveFitness=7.099  MaxFitness=8
UD:266  MainPopSize=1000  AveFitness=6.993  MaxFitness=8
UD:267  MainPopSize=1000  AveFitness=7.053  MaxFitness=8
UD:268  MainPopSize=1000  AveFitness=7.062  MaxFitness=8
UD:269  MainPopSize=1000  AveFitness=7.021  MaxFitness=8
UD:270  MainPopSize=1000  AveFitness=7.105  MaxFitness=8
UD:271  MainPopSize=1000  AveFitness=6.993  MaxFitness=8
UD:272  MainPopSize=1000  AveFitness=7.054  MaxFitness=8
UD:273  MainPopSize=1000  AveFitness=7.044  MaxFitness=8
UD:274  MainPopSize=1000  AveFitness=6.968  MaxFitness=8
UD:275  MainPopSize=1000  AveFitness=7.043  MaxFitness=8
UD:276  MainPopSize=1000  AveFitness=7.07  MaxFitness=8
UD:277  MainPopSize=1000  AveFitness=6.977  MaxFitness=8
UD:278  MainPopSize=1000  AveFitness=7.053  MaxFitness=8
UD:279  MainPopSize=1000  AveFitness=7.014  MaxFitness=8
UD:280  MainPopSize=1000  AveFitness=7.029  MaxFitness=8
UD:281  MainPopSize=1000  AveFitness=6.986  MaxFitness=8
UD:282  MainPopSize=1000  AveFitness=7.034  MaxFitness=8
UD:283  MainPopSize=1000  AveFitness=6.998  MaxFitness=8
UD:284  MainPopSize=1000  AveFitness=7.028  MaxFitness=8
UD:285  MainPopSize=1000  AveFitness=7.071  MaxFitness=8
UD:286  MainPopSize=1000  AveFitness=7.005  MaxFitness=8
UD:287  MainPopSize=1000  AveFitness=6.994  MaxFitness=8
UD:288  MainPopSize=1000  AveFitness=7.068  MaxFitness=8
UD:289  MainPopSize=1000  AveFitness=6.972  MaxFitness=8
UD:290  MainPopSize=1000  AveFitness=7.037  MaxFitness=8
UD:291  MainPopSize=1000  AveFitness=7.105  MaxFitness=8
UD:292  MainPopSize=1000  AveFitness=7.015  MaxFitness=8
UD:293  MainPopSize=1000  AveFitness=7.032  MaxFitness=8
UD:294  MainPopSize=1000  AveFitness=7.015  MaxFitness=8
UD:295  MainPopSize=1000  AveFitness=7.026  MaxFitness=8
UD:296  MainPopSize=1000  AveFitness=6.991  MaxFitness=8
UD:297  MainPopSize=1000  AveFitness=7.045  MaxFitness=8
UD:298  MainPopSize=1000  AveFitness=6.995  MaxFitness=8
UD:299  MainPopSize=1000  AveFitness=7.051  MaxFitness=8
UD:300  MainPopSize=1000  AveFitness=7.006  MaxFitness=8
UD:301  MainPopSize=1000  AveFitness=7.05  MaxFitness=8
UD:302  MainPopSize=1000  AveFitness=7.089  MaxFitness=8
UD:303  MainPopSize=1000  AveFitness=7.029  MaxFitness=8
UD:304  MainPopSize=1000  AveFitness=7.05  MaxFitness=8
UD:305  MainPopSize=1000  AveFitness=6.989  MaxFitness=8
UD:306  MainPopSize=1000  AveFitness=6.998  MaxFitness=8
UD:307  MainPopSize=1000  AveFitness=7.099  MaxFitness=8
UD:308  MainPopSize=1000  AveFitness=7.13  MaxFitness=8
UD:309  MainPopSize=1000  AveFitness=7.041  MaxFitness=8
UD:310  MainPopSize=1000  AveFitness=7.061  MaxFitness=8
UD:311  MainPopSize=1000  AveFitness=7.041  MaxFitness=8
UD:312  MainPopSize=1000  AveFitness=6.969  MaxFitness=8
UD:313  MainPopSize=1000  AveFitness=6.964  MaxFitness=8
UD:314  MainPopSize=1000  AveFitness=7.013  MaxFitness=8
UD:315  MainPopSize=1000  AveFitness=7.081  MaxFitness=8
UD:316  MainPopSize=1000  AveFitness=7.078  MaxFitness=8
UD:317  MainPopSize=1000  AveFitness=7.097  MaxFitness=8
UD:318  MainPopSize=1000  AveFitness=7.059  MaxFitness=8
UD:319  MainPopSize=1000  AveFitness=7.034  MaxFitness=8
UD:320  MainPopSize=1000  AveFitness=7.028  MaxFitness=8
UD:321  MainPopSize=1000  AveFitness=7.033  MaxFitness=8
UD:322  MainPopSize=1000  AveFitness=7.039  MaxFitness=8
UD:323  MainPopSize=1000  AveFitness=7.05  MaxFitness=8
UD:324  MainPopSize=1000  AveFitness=7.069  MaxFitness=8
UD:325  MainPopSize=1000  AveFitness=7.089  MaxFitness=8
UD:326  MainPopSize=1000  AveFitness=7.05  MaxFitness=8
UD:327  MainPopSize=1000  AveFitness=6.993  MaxFitness=8
UD:328  MainPopSize=1000  AveFitness=7.031  MaxFitness=8
UD:329  MainPopSize=1000  AveFitness=7.079  MaxFitness=8
UD:330  MainPopSize=1000  AveFitness=7.11  MaxFitness=8
UD:331  MainPopSize=1000  AveFitness=7.105  MaxFitness=8
UD:332  MainPopSize=1000  AveFitness=7.064  MaxFitness=8
UD:333  MainPopSize=1000  AveFitness=6.988  MaxFitness=8
UD:334  MainPopSize=1000  AveFitness=7.104  MaxFitness=8
UD:335  MainPopSize=1000  AveFitness=7.085  MaxFitness=8
UD:336  MainPopSize=1000  AveFitness=7.015  MaxFitness=8
UD:337  MainPopSize=1000  AveFitness=7.046  MaxFitness=8
UD:338  MainPopSize=1000  AveFitness=7.077  MaxFitness=8
UD:339  MainPopSize=1000  AveFitness=7.066  MaxFitness=8
UD:340  MainPopSize=1000  AveFitness=7.034  MaxFitness=8
UD:341  MainPopSize=1000  AveFitness=7.05  MaxFitness=8
UD:342  MainPopSize=1000  AveFitness=7.028  MaxFitness=8
UD:343  MainPopSize=1000  AveFitness=7.018  MaxFitness=8
UD:344  MainPopSize=1000  AveFitness=7.039  MaxFitness=8
UD:345  MainPopSize=1000  AveFitness=7.037  MaxFitness=8
UD:346  MainPopSize=1000  AveFitness=7.119  MaxFitness=8
UD:347  MainPopSize=1000  AveFitness=7.06  MaxFitness=8
UD:348  MainPopSize=1000  AveFitness=7.051  MaxFitness=8
UD:349  MainPopSize=1000  AveFitness=7.047  MaxFitness=8
UD:350  MainPopSize=1000  AveFitness=7.063  MaxFitness=8
UD:351  MainPopSize=1000  AveFitness=7.09  MaxFitness=8
UD:352  MainPopSize=1000  AveFitness=7.085  MaxFitness=8
UD:353  MainPopSize=1000  AveFitness=7.047  MaxFitness=8
UD:354  MainPopSize=1000  AveFitness=7.101  MaxFitness=8
UD:355  MainPopSize=1000  AveFitness=7.052  MaxFitness=8
UD:356  MainPopSize=1000  AveFitness=7.08  MaxFitness=8
UD:357  MainPopSize=1000  AveFitness=7.075  MaxFitness=8
UD:358  MainPopSize=1000  AveFitness=7.063  MaxFitness=8
UD:359  MainPopSize=1000  AveFitness=6.982  MaxFitness=8
UD:360  MainPopSize=1000  AveFitness=7.047  MaxFitness=8
UD:361  MainPopSize=1000  AveFitness=7.036  MaxFitness=8
UD:362  MainPopSize=1000  AveFitness=7.085  MaxFitness=8
UD:363  MainPopSize=1000  AveFitness=7.045  MaxFitness=8
UD:364  MainPopSize=1000  AveFitness=7.071  MaxFitness=8
UD:365  MainPopSize=1000  AveFitness=6.984  MaxFitness=8
UD:366  MainPopSize=1000  AveFitness=6.987  MaxFitness=8
UD:367  MainPopSize=1000  AveFitness=7.063  MaxFitness=8
UD:368  MainPopSize=1000  AveFitness=7.136  MaxFitness=8
UD:369  MainPopSize=1000  AveFitness=7.036  MaxFitness=8
UD:370  MainPopSize=1000  AveFitness=7.073  MaxFitness=8
UD:371  MainPopSize=1000  AveFitness=6.997  MaxFitness=8
UD:372  MainPopSize=1000  AveFitness=7.062  MaxFitness=8
UD:373  MainPopSize=1000  AveFitness=7.084  MaxFitness=8
UD:374  MainPopSize=1000  AveFitness=7.034  MaxFitness=8
UD:375  MainPopSize=1000  AveFitness=7.124  MaxFitness=8
UD:376  MainPopSize=1000  AveFitness=7.067  MaxFitness=8
UD:377  MainPopSize=1000  AveFitness=7.043  MaxFitness=8
UD:378  MainPopSize=1000  AveFitness=7.046  MaxFitness=8
UD:379  MainPopSize=1000  AveFitness=7.031  MaxFitness=8
UD:380  MainPopSize=1000  AveFitness=7.064  MaxFitness=8
UD:381  MainPopSize=1000  AveFitness=7.082  MaxFitness=8
UD:382  MainPopSize=1000  AveFitness=7.028  MaxFitness=8
UD:383  MainPopSize=1000  AveFitness=7.033  MaxFitness=8
UD:384  MainPopSize=1000  AveFitness=7.081  MaxFitness=8
UD:385  MainPopSize=1000  AveFitness=7.097  MaxFitness=8
UD:386  MainPopSize=1000  AveFitness=7.058  MaxFitness=8
UD:387  MainPopSize=1000  AveFitness=7.105  MaxFitness=8
UD:388  MainPopSize=1000  AveFitness=7.05  MaxFitness=8
UD:389  MainPopSize=1000  AveFitness=7.032  MaxFitness=8
UD:390  MainPopSize=1000  AveFitness=7.027  MaxFitness=8
UD:391  MainPopSize=1000  AveFitness=7.054  MaxFitness=8
UD:392  MainPopSize=1000  AveFitness=7.024  MaxFitness=8
UD:393  MainPopSize=1000  AveFitness=7  MaxFitness=8
UD:394  MainPopSize=1000  AveFitness=7.008  MaxFitness=8
UD:395  MainPopSize=1000  AveFitness=7.081  MaxFitness=8
UD:396  MainPopSize=1000  AveFitness=7.055  MaxFitness=8
UD:397  MainPopSize=1000  AveFitness=6.991  MaxFitness=8
UD:398  MainPopSize=1000  AveFitness=7.074  MaxFitness=8
UD:399  MainPopSize=1000  AveFitness=7.029  MaxFitness=8
UD:400  MainPopSize=1000  AveFitness=7.027  MaxFitness=8
UD:401  MainPopSize=1000  AveFitness=6.983  MaxFitness=8
UD:402  MainPopSize=1000  AveFitness=7.001  MaxFitness=8
UD:403  MainPopSize=1000  AveFitness=7.055  MaxFitness=8
UD:404  MainPopSize=1000  AveFitness=7.083  MaxFitness=8
UD:405  MainPopSize=1000  AveFitness=7.072  MaxFitness=8
UD:406  MainPopSize=1000  AveFitness=7.074  MaxFitness=8
UD:407  MainPopSize=1000  AveFitness=7.012  MaxFitness=8
UD:408  MainPopSize=1000  AveFitness=7.073  MaxFitness=8
UD:409  MainPopSize=1000  AveFitness=7.048  MaxFitness=8
UD:410  MainPopSize=1000  AveFitness=7.087  MaxFitness=8
UD:411  MainPopSize=1000  AveFitness=7.075  MaxFitness=8
UD:412  MainPopSize=1000  AveFitness=7.04  MaxFitness=8
UD:413  MainPopSize=1000  AveFitness=7.122  MaxFitness=8
UD:414  MainPopSize=1000  AveFitness=7.13  MaxFitness=8
UD:415  MainPopSize=1000  AveFitness=7.019  MaxFitness=8
UD:416  MainPopSize=1000  AveFitness=6.985  MaxFitness=8
UD:417  MainPopSize=1000  AveFitness=7.071  MaxFitness=8
UD:418  MainPopSize=1000  AveFitness=7.008  MaxFitness=8
UD:419  MainPopSize=1000  AveFitness=7.059  MaxFitness=8
UD:420  MainPopSize=1000  AveFitness=7  MaxFitness=8
UD:421  MainPopSize=1000  AveFitness=7.054  MaxFitness=8
UD:422  MainPopSize=1000  AveFitness=7.008  MaxFitness=8
UD:423  MainPopSize=1000  AveFitness=7.07  MaxFitness=8
UD:424  MainPopSize=1000  AveFitness=7.031  MaxFitness=8
UD:425  MainPopSize=1000  AveFitness=7.103  MaxFitness=8
UD:426  MainPopSize=1000  AveFitness=6.996  MaxFitness=8
UD:427  MainPopSize=1000  AveFitness=7.006  MaxFitness=8
UD:428  MainPopSize=1000  AveFitness=7.077  MaxFitness=8
UD:429  MainPopSize=1000  AveFitness=7.043  MaxFitness=8
UD:430  MainPopSize=1000  AveFitness=7.069  MaxFitness=8
UD:431  MainPopSize=1000  AveFitness=7.041  MaxFitness=8
UD:432  MainPopSize=1000  AveFitness=7.006  MaxFitness=8
UD:433  MainPopSize=1000  AveFitness=7.045  MaxFitness=8
UD:434  MainPopSize=1000  AveFitness=7.004  MaxFitness=8
UD:435  MainPopSize=1000  AveFitness=7.033  MaxFitness=8
UD:436  MainPopSize=1000  AveFitness=7.058  MaxFitness=8
UD:437  MainPopSize=1000  AveFitness=6.979  MaxFitness=8
UD:438  MainPopSize=1000  AveFitness=7.033  MaxFitness=8
UD:439  MainPopSize=1000  AveFitness=7.047  MaxFitness=8
UD:440  MainPopSize=1000  AveFitness=7.031  MaxFitness=8
UD:441  MainPopSize=1000  AveFitness=7.074  MaxFitness=8
UD:442  MainPopSize=1000  AveFitness=7.003  MaxFitness=8
UD:443  MainPopSize=1000  AveFitness=7.01  MaxFitness=8
UD:444  MainPopSize=1000  AveFitness=7.053  MaxFitness=8
UD:445  MainPopSize=1000  AveFitness=7.006  MaxFitness=8
UD:446  MainPopSize=1000  AveFitness=7.023  MaxFitness=8
UD:447  MainPopSize=1000  AveFitness=7.025  MaxFitness=8
UD:448  MainPopSize=1000  AveFitness=7.061  MaxFitness=8
UD:449  MainPopSize=1000  AveFitness=7.072  MaxFitness=8
UD:450  MainPopSize=1000  AveFitness=7.061  MaxFitness=8
UD:451  MainPopSize=1000  AveFitness=6.981  MaxFitness=8
UD:452  MainPopSize=1000  AveFitness=7.013  MaxFitness=8
UD:453  MainPopSize=1000  AveFitness=7.054  MaxFitness=8
UD:454  MainPopSize=1000  AveFitness=7.054  MaxFitness=8
UD:455  MainPopSize=1000  AveFitness=7.022  MaxFitness=8
UD:456  MainPopSize=1000  AveFitness=7.049  MaxFitness=8
UD:457  MainPopSize=1000  AveFitness=7.108  MaxFitness=8
UD:458  MainPopSize=1000  AveFitness=7.034  MaxFitness=8
UD:459  MainPopSize=1000  AveFitness=7.057  MaxFitness=8
UD:460  MainPopSize=1000  AveFitness=6.989  MaxFitness=8
UD:461  MainPopSize=1000  AveFitness=7.08  MaxFitness=8
UD:462  MainPopSize=1000  AveFitness=7.076  MaxFitness=8
UD:463  MainPopSize=1000  AveFitness=7.042  MaxFitness=8
UD:464  MainPopSize=1000  AveFitness=7.044  MaxFitness=8
UD:465  MainPopSize=1000  AveFitness=7.021  MaxFitness=8
UD:466  MainPopSize=1000  AveFitness=7.053  MaxFitness=8
UD:467  MainPopSize=1000  AveFitness=7.063  MaxFitness=8
UD:468  MainPopSize=1000  AveFitness=7.046  MaxFitness=8
UD:469  MainPopSize=1000  AveFitness=7.078  MaxFitness=8
UD:470  MainPopSize=1000  AveFitness=7.063  MaxFitness=8
UD:471  MainPopSize=1000  AveFitness=7.026  MaxFitness=8
UD:472  MainPopSize=1000  AveFitness=7.04  MaxFitness=8
UD:473  MainPopSize=1000  AveFitness=7.036  MaxFitness=8
UD:474  MainPopSize=1000  AveFitness=7.074  MaxFitness=8
UD:475  MainPopSize=1000  AveFitness=7.068  MaxFitness=8
UD:476  MainPopSize=1000  AveFitness=7.032  MaxFitness=8
UD:477  MainPopSize=1000  AveFitness=7.05  MaxFitness=8
UD:478  MainPopSize=1000  AveFitness=7.087  MaxFitness=8
UD:479  MainPopSize=1000  AveFitness=7.077  MaxFitness=8
UD:480  MainPopSize=1000  AveFitness=7.038  MaxFitness=8
UD:481  MainPopSize=1000  AveFitness=7.077  MaxFitness=8
UD:482  MainPopSize=1000  AveFitness=7.032  MaxFitness=8
UD:483  MainPopSize=1000  AveFitness=7.063  MaxFitness=8
UD:484  MainPopSize=1000  AveFitness=7.018  MaxFitness=8
UD:485  MainPopSize=1000  AveFitness=7.063  MaxFitness=8
UD:486  MainPopSize=1000  AveFitness=7.071  MaxFitness=8
UD:487  MainPopSize=1000  AveFitness=7.092  MaxFitness=8
UD:488  MainPopSize=1000  AveFitness=7.055  MaxFitness=8
UD:489  MainPopSize=1000  AveFitness=7.091  MaxFitness=8
UD:490  MainPopSize=1000  AveFitness=7.052  MaxFitness=8
UD:491  MainPopSize=1000  AveFitness=7.062  MaxFitness=8
UD:492  MainPopSize=1000  AveFitness=7.066  MaxFitness=8
UD:493  MainPopSize=1000  AveFitness=7.089  MaxFitness=8
UD:494  MainPopSize=1000  AveFitness=7.097  MaxFitness=8
UD:495  MainPopSize=1000  AveFitness=7.05  MaxFitness=8
UD:496  MainPopSize=1000  AveFitness=7.028  MaxFitness=8
UD:497  MainPopSize=1000  AveFitness=6.997  MaxFitness=8
UD:498  MainPopSize=1000  AveFitness=7.03  MaxFitness=8
UD:499  MainPopSize=1000  AveFitness=7.093  MaxFitness=8
UD:500  MainPopSize=1000  AveFitness=7.123  MaxFitness=8
