Loading file(s): 'Mancala.mabe'
Registered instruction: Inc index: 0; id: 0; symbol: a
Registered instruction: Dec index: 1; id: 1; symbol: b
Registered instruction: Not index: 2; id: 2; symbol: c
Registered instruction: SetReg index: 3; id: 3; symbol: d
Registered instruction: Add index: 4; id: 4; symbol: e
Registered instruction: Sub index: 5; id: 5; symbol: f
Registered instruction: Mult index: 6; id: 6; symbol: g
Registered instruction: Div index: 7; id: 7; symbol: h
Registered instruction: Mod index: 8; id: 8; symbol: i
Registered instruction: TestEqu index: 9; id: 9; symbol: j
Registered instruction: TestNEqu index: 10; id: 10; symbol: k
Registered instruction: TestLess index: 11; id: 11; symbol: l
Registered instruction: If index: 12; id: 12; symbol: m
Registered instruction: While index: 13; id: 13; symbol: n
Registered instruction: Countdown index: 14; id: 14; symbol: o
Registered instruction: Break index: 15; id: 15; symbol: p
Registered instruction: Scope index: 16; id: 16; symbol: q
Registered instruction: Define index: 17; id: 17; symbol: r
Registered instruction: Call index: 18; id: 18; symbol: s
Registered instruction: Push index: 19; id: 19; symbol: t
Registered instruction: Pop index: 20; id: 20; symbol: u
Registered instruction: Input index: 21; id: 21; symbol: v
Registered instruction: Output index: 22; id: 22; symbol: w
Registered instruction: CopyVal index: 23; id: 23; symbol: x
Registered instruction: ScopeReg index: 24; id: 24; symbol: y
Setting Random Seed to 2
random_seed = 2

UD:1  MainPopSize=100  AveFitness=-655.82  MaxFitness=-192
UD:2  MainPopSize=100  AveFitness=-614.08  MaxFitness=-154
UD:3  MainPopSize=100  AveFitness=-597.04  MaxFitness=-100
UD:4  MainPopSize=100  AveFitness=-588.84  MaxFitness=-42
UD:5  MainPopSize=100  AveFitness=-611.16  MaxFitness=-44
UD:6  MainPopSize=100  AveFitness=-603.64  MaxFitness=-108
UD:7  MainPopSize=100  AveFitness=-584.36  MaxFitness=-136
UD:8  MainPopSize=100  AveFitness=-599.74  MaxFitness=-126
UD:9  MainPopSize=100  AveFitness=-570.92  MaxFitness=-64
UD:10  MainPopSize=100  AveFitness=-589  MaxFitness=-184
UD:11  MainPopSize=100  AveFitness=-610.54  MaxFitness=-128
UD:12  MainPopSize=100  AveFitness=-580.9  MaxFitness=-158
UD:13  MainPopSize=100  AveFitness=-533.38  MaxFitness=-90
UD:14  MainPopSize=100  AveFitness=-517.46  MaxFitness=-68
UD:15  MainPopSize=100  AveFitness=-458.96  MaxFitness=-106
UD:16  MainPopSize=100  AveFitness=-425.16  MaxFitness=16
UD:17  MainPopSize=100  AveFitness=-372.18  MaxFitness=18
UD:18  MainPopSize=100  AveFitness=-391.54  MaxFitness=18
UD:19  MainPopSize=100  AveFitness=-358.66  MaxFitness=18
UD:20  MainPopSize=100  AveFitness=-402.36  MaxFitness=-82
UD:21  MainPopSize=100  AveFitness=-412.48  MaxFitness=-48
UD:22  MainPopSize=100  AveFitness=-468.18  MaxFitness=24
UD:23  MainPopSize=100  AveFitness=-364.9  MaxFitness=-60
UD:24  MainPopSize=100  AveFitness=-385.18  MaxFitness=-78
UD:25  MainPopSize=100  AveFitness=-377.74  MaxFitness=38
UD:26  MainPopSize=100  AveFitness=-407.14  MaxFitness=20
UD:27  MainPopSize=100  AveFitness=-392.5  MaxFitness=-20
UD:28  MainPopSize=100  AveFitness=-383.16  MaxFitness=-28
UD:29  MainPopSize=100  AveFitness=-419.36  MaxFitness=-24
UD:30  MainPopSize=100  AveFitness=-380.84  MaxFitness=28
UD:31  MainPopSize=100  AveFitness=-384.16  MaxFitness=-20
UD:32  MainPopSize=100  AveFitness=-379.18  MaxFitness=-36
UD:33  MainPopSize=100  AveFitness=-373.88  MaxFitness=-40
UD:34  MainPopSize=100  AveFitness=-371.5  MaxFitness=-46
UD:35  MainPopSize=100  AveFitness=-387.38  MaxFitness=-58
UD:36  MainPopSize=100  AveFitness=-392.12  MaxFitness=8
UD:37  MainPopSize=100  AveFitness=-347.34  MaxFitness=-2
UD:38  MainPopSize=100  AveFitness=-377.26  MaxFitness=-30
UD:39  MainPopSize=100  AveFitness=-417.32  MaxFitness=-80
UD:40  MainPopSize=100  AveFitness=-377.5  MaxFitness=-58
UD:41  MainPopSize=100  AveFitness=-413.86  MaxFitness=50
UD:42  MainPopSize=100  AveFitness=-405.34  MaxFitness=-42
UD:43  MainPopSize=100  AveFitness=-383.26  MaxFitness=-42
UD:44  MainPopSize=100  AveFitness=-421.78  MaxFitness=-34
UD:45  MainPopSize=100  AveFitness=-378.9  MaxFitness=4
UD:46  MainPopSize=100  AveFitness=-416.44  MaxFitness=-32
UD:47  MainPopSize=100  AveFitness=-367  MaxFitness=-6
UD:48  MainPopSize=100  AveFitness=-401  MaxFitness=-8
UD:49  MainPopSize=100  AveFitness=-393.48  MaxFitness=-32
UD:50  MainPopSize=100  AveFitness=-375.52  MaxFitness=10
UD:51  MainPopSize=100  AveFitness=-371.36  MaxFitness=-52
UD:52  MainPopSize=100  AveFitness=-406.74  MaxFitness=-36
UD:53  MainPopSize=100  AveFitness=-408.42  MaxFitness=-36
UD:54  MainPopSize=100  AveFitness=-349.6  MaxFitness=6
UD:55  MainPopSize=100  AveFitness=-407.34  MaxFitness=-64
UD:56  MainPopSize=100  AveFitness=-406.26  MaxFitness=6
UD:57  MainPopSize=100  AveFitness=-364  MaxFitness=-56
UD:58  MainPopSize=100  AveFitness=-391.2  MaxFitness=-48
UD:59  MainPopSize=100  AveFitness=-368.3  MaxFitness=48
UD:60  MainPopSize=100  AveFitness=-406.34  MaxFitness=16
UD:61  MainPopSize=100  AveFitness=-412.18  MaxFitness=-10
UD:62  MainPopSize=100  AveFitness=-365.56  MaxFitness=34
UD:63  MainPopSize=100  AveFitness=-408.9  MaxFitness=28
UD:64  MainPopSize=100  AveFitness=-409.24  MaxFitness=-12
UD:65  MainPopSize=100  AveFitness=-382.9  MaxFitness=-22
UD:66  MainPopSize=100  AveFitness=-373.42  MaxFitness=-58
UD:67  MainPopSize=100  AveFitness=-368.02  MaxFitness=-24
UD:68  MainPopSize=100  AveFitness=-383.74  MaxFitness=28
UD:69  MainPopSize=100  AveFitness=-374.74  MaxFitness=0
UD:70  MainPopSize=100  AveFitness=-370.6  MaxFitness=-72
UD:71  MainPopSize=100  AveFitness=-352.92  MaxFitness=4
UD:72  MainPopSize=100  AveFitness=-358.18  MaxFitness=-90
UD:73  MainPopSize=100  AveFitness=-385.72  MaxFitness=52
UD:74  MainPopSize=100  AveFitness=-371.16  MaxFitness=-36
UD:75  MainPopSize=100  AveFitness=-412.12  MaxFitness=-20
UD:76  MainPopSize=100  AveFitness=-383.7  MaxFitness=-42
UD:77  MainPopSize=100  AveFitness=-383.12  MaxFitness=-60
UD:78  MainPopSize=100  AveFitness=-372.54  MaxFitness=-38
UD:79  MainPopSize=100  AveFitness=-422.98  MaxFitness=8
UD:80  MainPopSize=100  AveFitness=-391.94  MaxFitness=-82
UD:81  MainPopSize=100  AveFitness=-409.5  MaxFitness=-86
UD:82  MainPopSize=100  AveFitness=-401.16  MaxFitness=2
UD:83  MainPopSize=100  AveFitness=-397.6  MaxFitness=-82
UD:84  MainPopSize=100  AveFitness=-375.58  MaxFitness=-18
UD:85  MainPopSize=100  AveFitness=-357.64  MaxFitness=12
UD:86  MainPopSize=100  AveFitness=-395.1  MaxFitness=-40
UD:87  MainPopSize=100  AveFitness=-347.5  MaxFitness=-10
UD:88  MainPopSize=100  AveFitness=-352.28  MaxFitness=30
UD:89  MainPopSize=100  AveFitness=-385.96  MaxFitness=-8
UD:90  MainPopSize=100  AveFitness=-370.04  MaxFitness=-48
UD:91  MainPopSize=100  AveFitness=-405.56  MaxFitness=0
UD:92  MainPopSize=100  AveFitness=-382.86  MaxFitness=18
UD:93  MainPopSize=100  AveFitness=-405.34  MaxFitness=-62
UD:94  MainPopSize=100  AveFitness=-381.08  MaxFitness=10
UD:95  MainPopSize=100  AveFitness=-374.56  MaxFitness=-106
UD:96  MainPopSize=100  AveFitness=-382.86  MaxFitness=-12
UD:97  MainPopSize=100  AveFitness=-377.6  MaxFitness=-34
UD:98  MainPopSize=100  AveFitness=-388.18  MaxFitness=-10
UD:99  MainPopSize=100  AveFitness=-372.44  MaxFitness=-18
UD:100  MainPopSize=100  AveFitness=-382.36  MaxFitness=-32
UD:101  MainPopSize=100  AveFitness=-369.7  MaxFitness=60
UD:102  MainPopSize=100  AveFitness=-374.16  MaxFitness=-16
UD:103  MainPopSize=100  AveFitness=-374.88  MaxFitness=-64
UD:104  MainPopSize=100  AveFitness=-346.72  MaxFitness=-42
UD:105  MainPopSize=100  AveFitness=-372.88  MaxFitness=-54
UD:106  MainPopSize=100  AveFitness=-392.86  MaxFitness=-46
UD:107  MainPopSize=100  AveFitness=-387.52  MaxFitness=6
UD:108  MainPopSize=100  AveFitness=-400.62  MaxFitness=-4
UD:109  MainPopSize=100  AveFitness=-376.68  MaxFitness=-48
UD:110  MainPopSize=100  AveFitness=-369.9  MaxFitness=-30
UD:111  MainPopSize=100  AveFitness=-411.26  MaxFitness=-112
UD:112  MainPopSize=100  AveFitness=-377.8  MaxFitness=-38
UD:113  MainPopSize=100  AveFitness=-388.08  MaxFitness=-50
UD:114  MainPopSize=100  AveFitness=-395.42  MaxFitness=12
UD:115  MainPopSize=100  AveFitness=-394.66  MaxFitness=-8
UD:116  MainPopSize=100  AveFitness=-392.46  MaxFitness=-14
UD:117  MainPopSize=100  AveFitness=-383.2  MaxFitness=-6
UD:118  MainPopSize=100  AveFitness=-407.2  MaxFitness=-90
UD:119  MainPopSize=100  AveFitness=-382.1  MaxFitness=-44
UD:120  MainPopSize=100  AveFitness=-347.56  MaxFitness=6
UD:121  MainPopSize=100  AveFitness=-378.98  MaxFitness=0
UD:122  MainPopSize=100  AveFitness=-395.26  MaxFitness=0
UD:123  MainPopSize=100  AveFitness=-392.84  MaxFitness=12
UD:124  MainPopSize=100  AveFitness=-375.94  MaxFitness=-42
UD:125  MainPopSize=100  AveFitness=-375.6  MaxFitness=-62
UD:126  MainPopSize=100  AveFitness=-392.12  MaxFitness=-22
UD:127  MainPopSize=100  AveFitness=-350.44  MaxFitness=52
UD:128  MainPopSize=100  AveFitness=-380.2  MaxFitness=-22
UD:129  MainPopSize=100  AveFitness=-417.66  MaxFitness=-40
UD:130  MainPopSize=100  AveFitness=-372.9  MaxFitness=-44
UD:131  MainPopSize=100  AveFitness=-384.3  MaxFitness=-54
UD:132  MainPopSize=100  AveFitness=-408.94  MaxFitness=-104
UD:133  MainPopSize=100  AveFitness=-440.56  MaxFitness=-10
UD:134  MainPopSize=100  AveFitness=-383.88  MaxFitness=20
UD:135  MainPopSize=100  AveFitness=-374.94  MaxFitness=30
UD:136  MainPopSize=100  AveFitness=-417.42  MaxFitness=-24
UD:137  MainPopSize=100  AveFitness=-364.22  MaxFitness=32
UD:138  MainPopSize=100  AveFitness=-362.88  MaxFitness=-6
UD:139  MainPopSize=100  AveFitness=-406  MaxFitness=-60
UD:140  MainPopSize=100  AveFitness=-394.04  MaxFitness=-66
UD:141  MainPopSize=100  AveFitness=-376.14  MaxFitness=-30
UD:142  MainPopSize=100  AveFitness=-363.78  MaxFitness=-38
UD:143  MainPopSize=100  AveFitness=-373.3  MaxFitness=-36
UD:144  MainPopSize=100  AveFitness=-376.02  MaxFitness=-10
UD:145  MainPopSize=100  AveFitness=-375.44  MaxFitness=-32
UD:146  MainPopSize=100  AveFitness=-345.08  MaxFitness=-44
UD:147  MainPopSize=100  AveFitness=-396.48  MaxFitness=-20
UD:148  MainPopSize=100  AveFitness=-376.84  MaxFitness=-38
UD:149  MainPopSize=100  AveFitness=-353.28  MaxFitness=30
UD:150  MainPopSize=100  AveFitness=-347.34  MaxFitness=-4
UD:151  MainPopSize=100  AveFitness=-368.78  MaxFitness=30
UD:152  MainPopSize=100  AveFitness=-369.24  MaxFitness=-30
UD:153  MainPopSize=100  AveFitness=-339.22  MaxFitness=-106
UD:154  MainPopSize=100  AveFitness=-337.46  MaxFitness=-66
UD:155  MainPopSize=100  AveFitness=-419.8  MaxFitness=12
UD:156  MainPopSize=100  AveFitness=-377.42  MaxFitness=-52
UD:157  MainPopSize=100  AveFitness=-365.88  MaxFitness=36
UD:158  MainPopSize=100  AveFitness=-372.94  MaxFitness=-44
UD:159  MainPopSize=100  AveFitness=-361.94  MaxFitness=-24
UD:160  MainPopSize=100  AveFitness=-328.4  MaxFitness=-32
UD:161  MainPopSize=100  AveFitness=-371.48  MaxFitness=-58
UD:162  MainPopSize=100  AveFitness=-307.96  MaxFitness=-38
UD:163  MainPopSize=100  AveFitness=-375.94  MaxFitness=-14
UD:164  MainPopSize=100  AveFitness=-373.94  MaxFitness=-34
UD:165  MainPopSize=100  AveFitness=-346.3  MaxFitness=-6
UD:166  MainPopSize=100  AveFitness=-386.12  MaxFitness=-10
UD:167  MainPopSize=100  AveFitness=-393.1  MaxFitness=-48
UD:168  MainPopSize=100  AveFitness=-371.68  MaxFitness=48
UD:169  MainPopSize=100  AveFitness=-348.76  MaxFitness=-92
UD:170  MainPopSize=100  AveFitness=-361.3  MaxFitness=56
UD:171  MainPopSize=100  AveFitness=-330.36  MaxFitness=-30
UD:172  MainPopSize=100  AveFitness=-336.18  MaxFitness=18
UD:173  MainPopSize=100  AveFitness=-324.94  MaxFitness=-54
UD:174  MainPopSize=100  AveFitness=-329  MaxFitness=-2
UD:175  MainPopSize=100  AveFitness=-362.4  MaxFitness=2
UD:176  MainPopSize=100  AveFitness=-334.26  MaxFitness=-10
UD:177  MainPopSize=100  AveFitness=-363.4  MaxFitness=-58
UD:178  MainPopSize=100  AveFitness=-336.92  MaxFitness=-52
UD:179  MainPopSize=100  AveFitness=-343.54  MaxFitness=6
UD:180  MainPopSize=100  AveFitness=-353.94  MaxFitness=-66
UD:181  MainPopSize=100  AveFitness=-344.62  MaxFitness=-30
UD:182  MainPopSize=100  AveFitness=-372.6  MaxFitness=36
UD:183  MainPopSize=100  AveFitness=-342.78  MaxFitness=-54
UD:184  MainPopSize=100  AveFitness=-343.1  MaxFitness=8
UD:185  MainPopSize=100  AveFitness=-385.96  MaxFitness=-86
UD:186  MainPopSize=100  AveFitness=-333.08  MaxFitness=-2
UD:187  MainPopSize=100  AveFitness=-345.48  MaxFitness=32
UD:188  MainPopSize=100  AveFitness=-387.22  MaxFitness=-22
UD:189  MainPopSize=100  AveFitness=-336.28  MaxFitness=20
UD:190  MainPopSize=100  AveFitness=-382.54  MaxFitness=28
UD:191  MainPopSize=100  AveFitness=-363.36  MaxFitness=-32
UD:192  MainPopSize=100  AveFitness=-341.36  MaxFitness=-10
UD:193  MainPopSize=100  AveFitness=-352.1  MaxFitness=34
UD:194  MainPopSize=100  AveFitness=-343.84  MaxFitness=10
UD:195  MainPopSize=100  AveFitness=-369.64  MaxFitness=44
UD:196  MainPopSize=100  AveFitness=-333.58  MaxFitness=36
UD:197  MainPopSize=100  AveFitness=-328.12  MaxFitness=22
UD:198  MainPopSize=100  AveFitness=-386.84  MaxFitness=-36
UD:199  MainPopSize=100  AveFitness=-327.56  MaxFitness=-28
UD:200  MainPopSize=100  AveFitness=-366.62  MaxFitness=-14
UD:201  MainPopSize=100  AveFitness=-347.94  MaxFitness=-10
UD:202  MainPopSize=100  AveFitness=-324.74  MaxFitness=-46
UD:203  MainPopSize=100  AveFitness=-347.14  MaxFitness=-58
UD:204  MainPopSize=100  AveFitness=-355.54  MaxFitness=52
UD:205  MainPopSize=100  AveFitness=-369.14  MaxFitness=-52
UD:206  MainPopSize=100  AveFitness=-366.38  MaxFitness=28
UD:207  MainPopSize=100  AveFitness=-335.12  MaxFitness=-76
UD:208  MainPopSize=100  AveFitness=-333.08  MaxFitness=-30
UD:209  MainPopSize=100  AveFitness=-333.16  MaxFitness=-94
UD:210  MainPopSize=100  AveFitness=-338.52  MaxFitness=-40
UD:211  MainPopSize=100  AveFitness=-315.88  MaxFitness=-16
UD:212  MainPopSize=100  AveFitness=-329.56  MaxFitness=-30
UD:213  MainPopSize=100  AveFitness=-332.14  MaxFitness=16
UD:214  MainPopSize=100  AveFitness=-351.88  MaxFitness=-84
UD:215  MainPopSize=100  AveFitness=-336.66  MaxFitness=-38
UD:216  MainPopSize=100  AveFitness=-367.86  MaxFitness=38
UD:217  MainPopSize=100  AveFitness=-351.18  MaxFitness=34
UD:218  MainPopSize=100  AveFitness=-359.1  MaxFitness=26
UD:219  MainPopSize=100  AveFitness=-350.48  MaxFitness=14
UD:220  MainPopSize=100  AveFitness=-328.26  MaxFitness=2
UD:221  MainPopSize=100  AveFitness=-323.44  MaxFitness=-34
UD:222  MainPopSize=100  AveFitness=-328.32  MaxFitness=-12
UD:223  MainPopSize=100  AveFitness=-335.62  MaxFitness=-18
UD:224  MainPopSize=100  AveFitness=-336.96  MaxFitness=-68
UD:225  MainPopSize=100  AveFitness=-352.5  MaxFitness=-40
UD:226  MainPopSize=100  AveFitness=-336.8  MaxFitness=-8
UD:227  MainPopSize=100  AveFitness=-367.88  MaxFitness=-82
UD:228  MainPopSize=100  AveFitness=-342.98  MaxFitness=42
UD:229  MainPopSize=100  AveFitness=-355.5  MaxFitness=58
UD:230  MainPopSize=100  AveFitness=-353.24  MaxFitness=-76
UD:231  MainPopSize=100  AveFitness=-335.54  MaxFitness=32
UD:232  MainPopSize=100  AveFitness=-355.56  MaxFitness=-44
UD:233  MainPopSize=100  AveFitness=-356.82  MaxFitness=-38
UD:234  MainPopSize=100  AveFitness=-365.2  MaxFitness=-82
UD:235  MainPopSize=100  AveFitness=-348.34  MaxFitness=8
UD:236  MainPopSize=100  AveFitness=-368.9  MaxFitness=-76
UD:237  MainPopSize=100  AveFitness=-337.02  MaxFitness=54
UD:238  MainPopSize=100  AveFitness=-334.88  MaxFitness=10
UD:239  MainPopSize=100  AveFitness=-374.94  MaxFitness=34
UD:240  MainPopSize=100  AveFitness=-355.94  MaxFitness=-42
UD:241  MainPopSize=100  AveFitness=-360.02  MaxFitness=-34
UD:242  MainPopSize=100  AveFitness=-347.72  MaxFitness=6
UD:243  MainPopSize=100  AveFitness=-376.32  MaxFitness=-30
UD:244  MainPopSize=100  AveFitness=-377.28  MaxFitness=-60
UD:245  MainPopSize=100  AveFitness=-349.62  MaxFitness=38
UD:246  MainPopSize=100  AveFitness=-386.02  MaxFitness=-48
UD:247  MainPopSize=100  AveFitness=-358.1  MaxFitness=-36
UD:248  MainPopSize=100  AveFitness=-363.14  MaxFitness=-106
UD:249  MainPopSize=100  AveFitness=-333.76  MaxFitness=-22
UD:250  MainPopSize=100  AveFitness=-361.66  MaxFitness=-48
UD:251  MainPopSize=100  AveFitness=-355.1  MaxFitness=-8
UD:252  MainPopSize=100  AveFitness=-334.62  MaxFitness=2
UD:253  MainPopSize=100  AveFitness=-351.08  MaxFitness=-42
UD:254  MainPopSize=100  AveFitness=-345.74  MaxFitness=-28
UD:255  MainPopSize=100  AveFitness=-347.7  MaxFitness=20
UD:256  MainPopSize=100  AveFitness=-350.84  MaxFitness=-54
UD:257  MainPopSize=100  AveFitness=-349.64  MaxFitness=-60
UD:258  MainPopSize=100  AveFitness=-342.52  MaxFitness=16
UD:259  MainPopSize=100  AveFitness=-344.06  MaxFitness=-54
UD:260  MainPopSize=100  AveFitness=-330.7  MaxFitness=32
UD:261  MainPopSize=100  AveFitness=-394.68  MaxFitness=-76
UD:262  MainPopSize=100  AveFitness=-348.84  MaxFitness=4
UD:263  MainPopSize=100  AveFitness=-355.12  MaxFitness=-8
UD:264  MainPopSize=100  AveFitness=-327.42  MaxFitness=22
UD:265  MainPopSize=100  AveFitness=-350.34  MaxFitness=10
UD:266  MainPopSize=100  AveFitness=-401.46  MaxFitness=22
UD:267  MainPopSize=100  AveFitness=-393.34  MaxFitness=-32
UD:268  MainPopSize=100  AveFitness=-367.8  MaxFitness=-46
UD:269  MainPopSize=100  AveFitness=-364  MaxFitness=-36
UD:270  MainPopSize=100  AveFitness=-363.62  MaxFitness=-4
UD:271  MainPopSize=100  AveFitness=-360.32  MaxFitness=-52
UD:272  MainPopSize=100  AveFitness=-358.52  MaxFitness=-64
UD:273  MainPopSize=100  AveFitness=-352.9  MaxFitness=-26
UD:274  MainPopSize=100  AveFitness=-312.82  MaxFitness=-10
UD:275  MainPopSize=100  AveFitness=-364.7  MaxFitness=48
UD:276  MainPopSize=100  AveFitness=-354.76  MaxFitness=44
UD:277  MainPopSize=100  AveFitness=-373.66  MaxFitness=-2
UD:278  MainPopSize=100  AveFitness=-338.02  MaxFitness=-56
UD:279  MainPopSize=100  AveFitness=-336.46  MaxFitness=-36
UD:280  MainPopSize=100  AveFitness=-364.5  MaxFitness=14
UD:281  MainPopSize=100  AveFitness=-352.7  MaxFitness=40
UD:282  MainPopSize=100  AveFitness=-377.84  MaxFitness=-40
UD:283  MainPopSize=100  AveFitness=-347.24  MaxFitness=-12
UD:284  MainPopSize=100  AveFitness=-372.9  MaxFitness=-26
UD:285  MainPopSize=100  AveFitness=-327.56  MaxFitness=-38
UD:286  MainPopSize=100  AveFitness=-336.18  MaxFitness=-2
UD:287  MainPopSize=100  AveFitness=-335.46  MaxFitness=-18
UD:288  MainPopSize=100  AveFitness=-341.98  MaxFitness=-68
UD:289  MainPopSize=100  AveFitness=-351.58  MaxFitness=-94
UD:290  MainPopSize=100  AveFitness=-348.24  MaxFitness=4
UD:291  MainPopSize=100  AveFitness=-376.7  MaxFitness=-60
UD:292  MainPopSize=100  AveFitness=-364.24  MaxFitness=54
UD:293  MainPopSize=100  AveFitness=-364.38  MaxFitness=-16
UD:294  MainPopSize=100  AveFitness=-343.52  MaxFitness=-72
UD:295  MainPopSize=100  AveFitness=-350.28  MaxFitness=-26
UD:296  MainPopSize=100  AveFitness=-342.54  MaxFitness=-24
UD:297  MainPopSize=100  AveFitness=-346.34  MaxFitness=-46
UD:298  MainPopSize=100  AveFitness=-354.72  MaxFitness=-100
UD:299  MainPopSize=100  AveFitness=-406.82  MaxFitness=-112
UD:300  MainPopSize=100  AveFitness=-353.18  MaxFitness=-68
UD:301  MainPopSize=100  AveFitness=-354.26  MaxFitness=-54
UD:302  MainPopSize=100  AveFitness=-354.96  MaxFitness=34
UD:303  MainPopSize=100  AveFitness=-338.86  MaxFitness=-32
UD:304  MainPopSize=100  AveFitness=-345.92  MaxFitness=-34
UD:305  MainPopSize=100  AveFitness=-358.72  MaxFitness=-66
UD:306  MainPopSize=100  AveFitness=-346.84  MaxFitness=-20
UD:307  MainPopSize=100  AveFitness=-351.66  MaxFitness=-74
UD:308  MainPopSize=100  AveFitness=-382.52  MaxFitness=0
UD:309  MainPopSize=100  AveFitness=-357.56  MaxFitness=-78
UD:310  MainPopSize=100  AveFitness=-394.6  MaxFitness=-30
UD:311  MainPopSize=100  AveFitness=-348.64  MaxFitness=-30
UD:312  MainPopSize=100  AveFitness=-346.24  MaxFitness=4
UD:313  MainPopSize=100  AveFitness=-306.12  MaxFitness=-14
UD:314  MainPopSize=100  AveFitness=-365.26  MaxFitness=-30
UD:315  MainPopSize=100  AveFitness=-335.82  MaxFitness=16
UD:316  MainPopSize=100  AveFitness=-332.78  MaxFitness=-14
UD:317  MainPopSize=100  AveFitness=-346.7  MaxFitness=-36
UD:318  MainPopSize=100  AveFitness=-347.28  MaxFitness=-4
UD:319  MainPopSize=100  AveFitness=-361.82  MaxFitness=48
UD:320  MainPopSize=100  AveFitness=-333.9  MaxFitness=-26
UD:321  MainPopSize=100  AveFitness=-385.46  MaxFitness=-30
UD:322  MainPopSize=100  AveFitness=-368.1  MaxFitness=-46
UD:323  MainPopSize=100  AveFitness=-349.52  MaxFitness=-8
UD:324  MainPopSize=100  AveFitness=-342.06  MaxFitness=-78
UD:325  MainPopSize=100  AveFitness=-354.06  MaxFitness=26
UD:326  MainPopSize=100  AveFitness=-341.8  MaxFitness=8
UD:327  MainPopSize=100  AveFitness=-328.3  MaxFitness=-74
UD:328  MainPopSize=100  AveFitness=-302.78  MaxFitness=-20
UD:329  MainPopSize=100  AveFitness=-343.78  MaxFitness=-36
UD:330  MainPopSize=100  AveFitness=-340.9  MaxFitness=-40
UD:331  MainPopSize=100  AveFitness=-324.34  MaxFitness=-70
UD:332  MainPopSize=100  AveFitness=-373.74  MaxFitness=-38
UD:333  MainPopSize=100  AveFitness=-371.02  MaxFitness=-104
UD:334  MainPopSize=100  AveFitness=-364.1  MaxFitness=34
UD:335  MainPopSize=100  AveFitness=-353.82  MaxFitness=26
UD:336  MainPopSize=100  AveFitness=-316.82  MaxFitness=4
UD:337  MainPopSize=100  AveFitness=-345.48  MaxFitness=-2
UD:338  MainPopSize=100  AveFitness=-318.58  MaxFitness=-2
UD:339  MainPopSize=100  AveFitness=-322.36  MaxFitness=38
UD:340  MainPopSize=100  AveFitness=-317.24  MaxFitness=36
UD:341  MainPopSize=100  AveFitness=-379.2  MaxFitness=8
UD:342  MainPopSize=100  AveFitness=-317.38  MaxFitness=30
UD:343  MainPopSize=100  AveFitness=-318.78  MaxFitness=-24
UD:344  MainPopSize=100  AveFitness=-324.76  MaxFitness=-18
UD:345  MainPopSize=100  AveFitness=-335.04  MaxFitness=-68
UD:346  MainPopSize=100  AveFitness=-322.86  MaxFitness=-58
UD:347  MainPopSize=100  AveFitness=-343.4  MaxFitness=-16
UD:348  MainPopSize=100  AveFitness=-335.92  MaxFitness=-52
UD:349  MainPopSize=100  AveFitness=-299.12  MaxFitness=14
UD:350  MainPopSize=100  AveFitness=-344.86  MaxFitness=-22
UD:351  MainPopSize=100  AveFitness=-345.82  MaxFitness=14
UD:352  MainPopSize=100  AveFitness=-371.4  MaxFitness=4
UD:353  MainPopSize=100  AveFitness=-310.26  MaxFitness=-60
UD:354  MainPopSize=100  AveFitness=-327.56  MaxFitness=-16
UD:355  MainPopSize=100  AveFitness=-368.42  MaxFitness=-8
UD:356  MainPopSize=100  AveFitness=-320.52  MaxFitness=-34
UD:357  MainPopSize=100  AveFitness=-329.68  MaxFitness=-66
UD:358  MainPopSize=100  AveFitness=-322.4  MaxFitness=-52
UD:359  MainPopSize=100  AveFitness=-333.24  MaxFitness=-56
UD:360  MainPopSize=100  AveFitness=-329.14  MaxFitness=-36
UD:361  MainPopSize=100  AveFitness=-327.52  MaxFitness=16
UD:362  MainPopSize=100  AveFitness=-345.36  MaxFitness=-32
UD:363  MainPopSize=100  AveFitness=-345.64  MaxFitness=-74
UD:364  MainPopSize=100  AveFitness=-322.86  MaxFitness=-8
UD:365  MainPopSize=100  AveFitness=-346.44  MaxFitness=0
UD:366  MainPopSize=100  AveFitness=-353.76  MaxFitness=-68
UD:367  MainPopSize=100  AveFitness=-337.5  MaxFitness=6
UD:368  MainPopSize=100  AveFitness=-351.94  MaxFitness=0
UD:369  MainPopSize=100  AveFitness=-346  MaxFitness=-40
UD:370  MainPopSize=100  AveFitness=-357.26  MaxFitness=-88
UD:371  MainPopSize=100  AveFitness=-332.8  MaxFitness=-8
UD:372  MainPopSize=100  AveFitness=-351.24  MaxFitness=-66
UD:373  MainPopSize=100  AveFitness=-346.04  MaxFitness=-50
UD:374  MainPopSize=100  AveFitness=-348.82  MaxFitness=-62
UD:375  MainPopSize=100  AveFitness=-324.08  MaxFitness=18
UD:376  MainPopSize=100  AveFitness=-327.62  MaxFitness=4
UD:377  MainPopSize=100  AveFitness=-336.58  MaxFitness=-18
UD:378  MainPopSize=100  AveFitness=-332.62  MaxFitness=-98
UD:379  MainPopSize=100  AveFitness=-329.58  MaxFitness=-60
UD:380  MainPopSize=100  AveFitness=-322.7  MaxFitness=16
UD:381  MainPopSize=100  AveFitness=-332.76  MaxFitness=-46
UD:382  MainPopSize=100  AveFitness=-319  MaxFitness=38
UD:383  MainPopSize=100  AveFitness=-308.9  MaxFitness=0
UD:384  MainPopSize=100  AveFitness=-313.86  MaxFitness=14
UD:385  MainPopSize=100  AveFitness=-330.88  MaxFitness=10
UD:386  MainPopSize=100  AveFitness=-373.92  MaxFitness=-20
UD:387  MainPopSize=100  AveFitness=-347.88  MaxFitness=-24
UD:388  MainPopSize=100  AveFitness=-352.88  MaxFitness=52
UD:389  MainPopSize=100  AveFitness=-340.64  MaxFitness=44
UD:390  MainPopSize=100  AveFitness=-301.94  MaxFitness=-10
UD:391  MainPopSize=100  AveFitness=-333.82  MaxFitness=-52
UD:392  MainPopSize=100  AveFitness=-351.4  MaxFitness=-48
UD:393  MainPopSize=100  AveFitness=-358.06  MaxFitness=6
UD:394  MainPopSize=100  AveFitness=-327.12  MaxFitness=-38
UD:395  MainPopSize=100  AveFitness=-333.34  MaxFitness=60
UD:396  MainPopSize=100  AveFitness=-380.72  MaxFitness=4
UD:397  MainPopSize=100  AveFitness=-335.18  MaxFitness=-98
UD:398  MainPopSize=100  AveFitness=-311.92  MaxFitness=-64
UD:399  MainPopSize=100  AveFitness=-377.48  MaxFitness=-26
UD:400  MainPopSize=100  AveFitness=-363.98  MaxFitness=-40
UD:401  MainPopSize=100  AveFitness=-356.5  MaxFitness=28
UD:402  MainPopSize=100  AveFitness=-346.3  MaxFitness=-38
UD:403  MainPopSize=100  AveFitness=-367.08  MaxFitness=-28
UD:404  MainPopSize=100  AveFitness=-350.72  MaxFitness=18
UD:405  MainPopSize=100  AveFitness=-335.14  MaxFitness=30
UD:406  MainPopSize=100  AveFitness=-320.5  MaxFitness=42
UD:407  MainPopSize=100  AveFitness=-349.46  MaxFitness=10
UD:408  MainPopSize=100  AveFitness=-367.74  MaxFitness=-76
UD:409  MainPopSize=100  AveFitness=-371.22  MaxFitness=-32
UD:410  MainPopSize=100  AveFitness=-326.88  MaxFitness=-72
UD:411  MainPopSize=100  AveFitness=-338.2  MaxFitness=26
UD:412  MainPopSize=100  AveFitness=-341.82  MaxFitness=-24
UD:413  MainPopSize=100  AveFitness=-348.32  MaxFitness=-28
UD:414  MainPopSize=100  AveFitness=-309.22  MaxFitness=-18
UD:415  MainPopSize=100  AveFitness=-329.44  MaxFitness=-6
UD:416  MainPopSize=100  AveFitness=-354.88  MaxFitness=-26
UD:417  MainPopSize=100  AveFitness=-367.86  MaxFitness=-22
UD:418  MainPopSize=100  AveFitness=-295.34  MaxFitness=32
UD:419  MainPopSize=100  AveFitness=-325.48  MaxFitness=-2
UD:420  MainPopSize=100  AveFitness=-351.34  MaxFitness=-50
UD:421  MainPopSize=100  AveFitness=-331.26  MaxFitness=-52
UD:422  MainPopSize=100  AveFitness=-329.12  MaxFitness=18
UD:423  MainPopSize=100  AveFitness=-331.28  MaxFitness=-40
UD:424  MainPopSize=100  AveFitness=-352.24  MaxFitness=-48
UD:425  MainPopSize=100  AveFitness=-328.78  MaxFitness=26
UD:426  MainPopSize=100  AveFitness=-314.96  MaxFitness=-30
UD:427  MainPopSize=100  AveFitness=-312.04  MaxFitness=-40
UD:428  MainPopSize=100  AveFitness=-327.92  MaxFitness=12
UD:429  MainPopSize=100  AveFitness=-329.6  MaxFitness=-46
UD:430  MainPopSize=100  AveFitness=-321.42  MaxFitness=30
UD:431  MainPopSize=100  AveFitness=-351.14  MaxFitness=-4
UD:432  MainPopSize=100  AveFitness=-300.3  MaxFitness=-24
UD:433  MainPopSize=100  AveFitness=-335.6  MaxFitness=44
UD:434  MainPopSize=100  AveFitness=-342.22  MaxFitness=-46
UD:435  MainPopSize=100  AveFitness=-375.8  MaxFitness=62
UD:436  MainPopSize=100  AveFitness=-322.86  MaxFitness=-90
UD:437  MainPopSize=100  AveFitness=-301.26  MaxFitness=16
UD:438  MainPopSize=100  AveFitness=-342.86  MaxFitness=-82
UD:439  MainPopSize=100  AveFitness=-378.74  MaxFitness=50
UD:440  MainPopSize=100  AveFitness=-353.18  MaxFitness=10
UD:441  MainPopSize=100  AveFitness=-311.2  MaxFitness=12
UD:442  MainPopSize=100  AveFitness=-315.14  MaxFitness=-10
UD:443  MainPopSize=100  AveFitness=-341.5  MaxFitness=-58
UD:444  MainPopSize=100  AveFitness=-324.36  MaxFitness=44
UD:445  MainPopSize=100  AveFitness=-309.18  MaxFitness=-32
UD:446  MainPopSize=100  AveFitness=-326.6  MaxFitness=-10
UD:447  MainPopSize=100  AveFitness=-330.8  MaxFitness=-32
UD:448  MainPopSize=100  AveFitness=-342.48  MaxFitness=-12
UD:449  MainPopSize=100  AveFitness=-331.3  MaxFitness=-32
UD:450  MainPopSize=100  AveFitness=-341.24  MaxFitness=-28
UD:451  MainPopSize=100  AveFitness=-344.72  MaxFitness=-36
UD:452  MainPopSize=100  AveFitness=-359.18  MaxFitness=-68
UD:453  MainPopSize=100  AveFitness=-329.7  MaxFitness=54
UD:454  MainPopSize=100  AveFitness=-331.3  MaxFitness=-18
UD:455  MainPopSize=100  AveFitness=-374.2  MaxFitness=10
UD:456  MainPopSize=100  AveFitness=-321.38  MaxFitness=-14
UD:457  MainPopSize=100  AveFitness=-364.16  MaxFitness=-10
UD:458  MainPopSize=100  AveFitness=-321.56  MaxFitness=60
UD:459  MainPopSize=100  AveFitness=-324.1  MaxFitness=-40
UD:460  MainPopSize=100  AveFitness=-300.08  MaxFitness=8
UD:461  MainPopSize=100  AveFitness=-330.44  MaxFitness=32
UD:462  MainPopSize=100  AveFitness=-316.68  MaxFitness=50
UD:463  MainPopSize=100  AveFitness=-326.2  MaxFitness=24
UD:464  MainPopSize=100  AveFitness=-354.2  MaxFitness=-84
UD:465  MainPopSize=100  AveFitness=-338.36  MaxFitness=20
UD:466  MainPopSize=100  AveFitness=-315.26  MaxFitness=6
UD:467  MainPopSize=100  AveFitness=-320.32  MaxFitness=-56
UD:468  MainPopSize=100  AveFitness=-316.98  MaxFitness=12
UD:469  MainPopSize=100  AveFitness=-304.58  MaxFitness=-22
UD:470  MainPopSize=100  AveFitness=-313.96  MaxFitness=-82
UD:471  MainPopSize=100  AveFitness=-331.98  MaxFitness=-82
UD:472  MainPopSize=100  AveFitness=-300.82  MaxFitness=-36
UD:473  MainPopSize=100  AveFitness=-302.34  MaxFitness=-10
UD:474  MainPopSize=100  AveFitness=-331.24  MaxFitness=-42
UD:475  MainPopSize=100  AveFitness=-300.62  MaxFitness=18
UD:476  MainPopSize=100  AveFitness=-306.16  MaxFitness=-4
UD:477  MainPopSize=100  AveFitness=-289.14  MaxFitness=-68
UD:478  MainPopSize=100  AveFitness=-332.12  MaxFitness=-28
UD:479  MainPopSize=100  AveFitness=-317.1  MaxFitness=-38
UD:480  MainPopSize=100  AveFitness=-293.56  MaxFitness=-28
UD:481  MainPopSize=100  AveFitness=-293.62  MaxFitness=14
UD:482  MainPopSize=100  AveFitness=-279.36  MaxFitness=-54
UD:483  MainPopSize=100  AveFitness=-272.88  MaxFitness=-64
UD:484  MainPopSize=100  AveFitness=-290.88  MaxFitness=36
UD:485  MainPopSize=100  AveFitness=-284.88  MaxFitness=6
UD:486  MainPopSize=100  AveFitness=-275.46  MaxFitness=-38
UD:487  MainPopSize=100  AveFitness=-257.56  MaxFitness=-48
UD:488  MainPopSize=100  AveFitness=-276.3  MaxFitness=-60
UD:489  MainPopSize=100  AveFitness=-317.1  MaxFitness=-86
UD:490  MainPopSize=100  AveFitness=-290.48  MaxFitness=-50
UD:491  MainPopSize=100  AveFitness=-284.36  MaxFitness=-74
UD:492  MainPopSize=100  AveFitness=-324.52  MaxFitness=-46
UD:493  MainPopSize=100  AveFitness=-288.56  MaxFitness=-24
UD:494  MainPopSize=100  AveFitness=-256.16  MaxFitness=-30
UD:495  MainPopSize=100  AveFitness=-282.94  MaxFitness=-72
UD:496  MainPopSize=100  AveFitness=-296.78  MaxFitness=-58
UD:497  MainPopSize=100  AveFitness=-257.78  MaxFitness=-58
UD:498  MainPopSize=100  AveFitness=-265.1  MaxFitness=-30
UD:499  MainPopSize=100  AveFitness=-269.58  MaxFitness=-104
UD:500  MainPopSize=100  AveFitness=-282.4  MaxFitness=-2
