Average Fitness,Maximum Fitness,Dominant Fitness
-0.0005,0,0
-0.0045,0,0
-0.0085,0,0
7.577,8,8
14.857,16,16
