EMP_TRACK_MEM: Pointer tracking is active!
Loading file(s): 'phylo_NK.mabe'
Setting Random Seed to 10
random_seed = 10

UD:1  MainPopSize=50  AveFitness=49.2427  MaxFitness=54.9138
UD:2  MainPopSize=50  AveFitness=53.0249  MaxFitness=55.8195
UD:3  MainPopSize=50  AveFitness=54.3963  MaxFitness=56.3343
UD:4  MainPopSize=50  AveFitness=55.3144  MaxFitness=57.3393
UD:5  MainPopSize=50  AveFitness=56.0684  MaxFitness=58.1766
UD:6  MainPopSize=50  AveFitness=57.0352  MaxFitness=58.746
UD:7  MainPopSize=50  AveFitness=57.7899  MaxFitness=60.0589
UD:8  MainPopSize=50  AveFitness=58.6799  MaxFitness=60.1196
UD:9  MainPopSize=50  AveFitness=59.4674  MaxFitness=60.9522
UD:10  MainPopSize=50  AveFitness=59.7775  MaxFitness=61.2245
UD:11  MainPopSize=50  AveFitness=60.2301  MaxFitness=61.2245
UD:12  MainPopSize=50  AveFitness=60.6704  MaxFitness=61.8372
UD:13  MainPopSize=50  AveFitness=60.9094  MaxFitness=62.16
UD:14  MainPopSize=50  AveFitness=61.2622  MaxFitness=62.1998
UD:15  MainPopSize=50  AveFitness=61.4676  MaxFitness=62.9094
UD:16  MainPopSize=50  AveFitness=61.73  MaxFitness=63.2973
UD:17  MainPopSize=50  AveFitness=62.1824  MaxFitness=63.2973
UD:18  MainPopSize=50  AveFitness=62.3369  MaxFitness=63.6337
UD:19  MainPopSize=50  AveFitness=62.5174  MaxFitness=64.1293
UD:20  MainPopSize=50  AveFitness=62.9724  MaxFitness=64.2597
UD:21  MainPopSize=50  AveFitness=63.43  MaxFitness=65.4915
UD:22  MainPopSize=50  AveFitness=63.6453  MaxFitness=65.4915
UD:23  MainPopSize=50  AveFitness=64.0241  MaxFitness=65.4915
UD:24  MainPopSize=50  AveFitness=64.6236  MaxFitness=66.0471
UD:25  MainPopSize=50  AveFitness=64.9184  MaxFitness=66.1527
UD:26  MainPopSize=50  AveFitness=65.0243  MaxFitness=66.6763
UD:27  MainPopSize=50  AveFitness=65.4754  MaxFitness=66.6763
UD:28  MainPopSize=50  AveFitness=65.6837  MaxFitness=66.7043
UD:29  MainPopSize=50  AveFitness=65.8181  MaxFitness=67.0893
UD:30  MainPopSize=50  AveFitness=65.8182  MaxFitness=67.3729
UD:31  MainPopSize=50  AveFitness=66.1864  MaxFitness=67.5423
UD:32  MainPopSize=50  AveFitness=66.208  MaxFitness=67.5423
UD:33  MainPopSize=50  AveFitness=66.5046  MaxFitness=67.6582
UD:34  MainPopSize=50  AveFitness=66.722  MaxFitness=67.6582
UD:35  MainPopSize=50  AveFitness=66.5736  MaxFitness=67.5423
UD:36  MainPopSize=50  AveFitness=66.4391  MaxFitness=67.9708
UD:37  MainPopSize=50  AveFitness=66.8098  MaxFitness=67.9708
UD:38  MainPopSize=50  AveFitness=66.8054  MaxFitness=67.9793
UD:39  MainPopSize=50  AveFitness=67.0132  MaxFitness=67.9793
UD:40  MainPopSize=50  AveFitness=66.7415  MaxFitness=67.9793
UD:41  MainPopSize=50  AveFitness=67.1311  MaxFitness=68.6345
UD:42  MainPopSize=50  AveFitness=67.2683  MaxFitness=68.6345
UD:43  MainPopSize=50  AveFitness=67.662  MaxFitness=68.9593
UD:44  MainPopSize=50  AveFitness=67.5995  MaxFitness=68.9593
UD:45  MainPopSize=50  AveFitness=67.7068  MaxFitness=68.9593
UD:46  MainPopSize=50  AveFitness=67.7799  MaxFitness=68.9741
UD:47  MainPopSize=50  AveFitness=68.1614  MaxFitness=68.9741
UD:48  MainPopSize=50  AveFitness=68.2451  MaxFitness=69.0738
UD:49  MainPopSize=50  AveFitness=67.8957  MaxFitness=69.0738
UD:50  MainPopSize=50  AveFitness=67.8493  MaxFitness=69.2735
EMP_TRACK_MEM: No memory leaks found!
 280862 pointers found; all have been cleaned up fully.
