Loading file(s): 'Diagnostics.mabe'
Setting Random Seed to 2000
random_seed = 2000

UD:1  MainPopSize=512  AveFitness=169.298  MaxFitness=425.437
UD:2  MainPopSize=512  AveFitness=274.539  MaxFitness=426.186
UD:3  MainPopSize=512  AveFitness=370.571  MaxFitness=426.635
UD:4  MainPopSize=512  AveFitness=421.067  MaxFitness=427.345
UD:5  MainPopSize=512  AveFitness=422.417  MaxFitness=427.345
UD:6  MainPopSize=512  AveFitness=423.327  MaxFitness=428.922
UD:7  MainPopSize=512  AveFitness=424.226  MaxFitness=429.665
UD:8  MainPopSize=512  AveFitness=424.805  MaxFitness=430.981
UD:9  MainPopSize=512  AveFitness=425.268  MaxFitness=430.981
UD:10  MainPopSize=512  AveFitness=426.689  MaxFitness=431.325
UD:11  MainPopSize=512  AveFitness=429.466  MaxFitness=431.325
UD:12  MainPopSize=512  AveFitness=430.431  MaxFitness=433.343
UD:13  MainPopSize=512  AveFitness=430.084  MaxFitness=433.343
UD:14  MainPopSize=512  AveFitness=430.846  MaxFitness=433.876
UD:15  MainPopSize=512  AveFitness=430.819  MaxFitness=435.645
UD:16  MainPopSize=512  AveFitness=430.616  MaxFitness=435.645
UD:17  MainPopSize=512  AveFitness=431.489  MaxFitness=436.452
UD:18  MainPopSize=512  AveFitness=433.228  MaxFitness=436.933
UD:19  MainPopSize=512  AveFitness=433.397  MaxFitness=437.679
UD:20  MainPopSize=512  AveFitness=434.188  MaxFitness=438.83
UD:21  MainPopSize=512  AveFitness=434.346  MaxFitness=439.435
UD:22  MainPopSize=512  AveFitness=434.127  MaxFitness=440.019
UD:23  MainPopSize=512  AveFitness=437.105  MaxFitness=441.191
UD:24  MainPopSize=512  AveFitness=437.459  MaxFitness=442.15
UD:25  MainPopSize=512  AveFitness=436.845  MaxFitness=442.179
UD:26  MainPopSize=512  AveFitness=436.76  MaxFitness=442.905
UD:27  MainPopSize=512  AveFitness=438.836  MaxFitness=443.262
UD:28  MainPopSize=512  AveFitness=438.867  MaxFitness=443.746
UD:29  MainPopSize=512  AveFitness=438.209  MaxFitness=444.816
UD:30  MainPopSize=512  AveFitness=440.055  MaxFitness=444.816
UD:31  MainPopSize=512  AveFitness=442.412  MaxFitness=446.029
UD:32  MainPopSize=512  AveFitness=443.965  MaxFitness=446.029
UD:33  MainPopSize=512  AveFitness=443.931  MaxFitness=447.715
UD:34  MainPopSize=512  AveFitness=444.733  MaxFitness=447.715
UD:35  MainPopSize=512  AveFitness=444.958  MaxFitness=448.45
UD:36  MainPopSize=512  AveFitness=445.814  MaxFitness=450.041
UD:37  MainPopSize=512  AveFitness=443.354  MaxFitness=450.397
UD:38  MainPopSize=512  AveFitness=446.177  MaxFitness=451.484
UD:39  MainPopSize=512  AveFitness=449.459  MaxFitness=451.944
UD:40  MainPopSize=512  AveFitness=448.76  MaxFitness=453.258
UD:41  MainPopSize=512  AveFitness=445.923  MaxFitness=453.258
UD:42  MainPopSize=512  AveFitness=449.982  MaxFitness=454.392
UD:43  MainPopSize=512  AveFitness=448.936  MaxFitness=455.821
UD:44  MainPopSize=512  AveFitness=452.42  MaxFitness=456.859
UD:45  MainPopSize=512  AveFitness=451.334  MaxFitness=456.859
UD:46  MainPopSize=512  AveFitness=454.846  MaxFitness=457.447
UD:47  MainPopSize=512  AveFitness=453.883  MaxFitness=458.394
UD:48  MainPopSize=512  AveFitness=452.548  MaxFitness=458.738
UD:49  MainPopSize=512  AveFitness=454.674  MaxFitness=458.965
UD:50  MainPopSize=512  AveFitness=454.373  MaxFitness=461.053
UD:51  MainPopSize=512  AveFitness=456.67  MaxFitness=461.053
UD:52  MainPopSize=512  AveFitness=455.334  MaxFitness=461.053
UD:53  MainPopSize=512  AveFitness=457.997  MaxFitness=461.83
UD:54  MainPopSize=512  AveFitness=459.172  MaxFitness=463.151
UD:55  MainPopSize=512  AveFitness=458.994  MaxFitness=463.151
UD:56  MainPopSize=512  AveFitness=457.032  MaxFitness=463.151
UD:57  MainPopSize=512  AveFitness=458.722  MaxFitness=465.031
UD:58  MainPopSize=512  AveFitness=459.725  MaxFitness=465.031
UD:59  MainPopSize=512  AveFitness=460.639  MaxFitness=465.683
UD:60  MainPopSize=512  AveFitness=462.104  MaxFitness=466.309
UD:61  MainPopSize=512  AveFitness=464.033  MaxFitness=466.782
UD:62  MainPopSize=512  AveFitness=460.386  MaxFitness=467.216
UD:63  MainPopSize=512  AveFitness=463.661  MaxFitness=467.216
UD:64  MainPopSize=512  AveFitness=464.714  MaxFitness=468.063
UD:65  MainPopSize=512  AveFitness=466.448  MaxFitness=468.552
UD:66  MainPopSize=512  AveFitness=462.198  MaxFitness=468.66
UD:67  MainPopSize=512  AveFitness=463.548  MaxFitness=469.096
UD:68  MainPopSize=512  AveFitness=466.001  MaxFitness=470.648
UD:69  MainPopSize=512  AveFitness=464.754  MaxFitness=470.744
UD:70  MainPopSize=512  AveFitness=467.391  MaxFitness=471.397
UD:71  MainPopSize=512  AveFitness=468.185  MaxFitness=471.909
UD:72  MainPopSize=512  AveFitness=466.673  MaxFitness=471.909
UD:73  MainPopSize=512  AveFitness=469.684  MaxFitness=473.76
UD:74  MainPopSize=512  AveFitness=469.1  MaxFitness=473.76
UD:75  MainPopSize=512  AveFitness=471.135  MaxFitness=473.923
UD:76  MainPopSize=512  AveFitness=468.775  MaxFitness=474.657
UD:77  MainPopSize=512  AveFitness=472.63  MaxFitness=475.284
UD:78  MainPopSize=512  AveFitness=471.942  MaxFitness=475.804
UD:79  MainPopSize=512  AveFitness=472.534  MaxFitness=476.271
UD:80  MainPopSize=512  AveFitness=473.09  MaxFitness=476.847
UD:81  MainPopSize=512  AveFitness=473.862  MaxFitness=478.282
UD:82  MainPopSize=512  AveFitness=474.646  MaxFitness=478.408
UD:83  MainPopSize=512  AveFitness=475.796  MaxFitness=478.408
UD:84  MainPopSize=512  AveFitness=475.961  MaxFitness=479.789
UD:85  MainPopSize=512  AveFitness=477.557  MaxFitness=480.106
UD:86  MainPopSize=512  AveFitness=477.913  MaxFitness=482.622
UD:87  MainPopSize=512  AveFitness=478.32  MaxFitness=482.622
UD:88  MainPopSize=512  AveFitness=478.926  MaxFitness=482.622
UD:89  MainPopSize=512  AveFitness=480.803  MaxFitness=483.675
UD:90  MainPopSize=512  AveFitness=481.884  MaxFitness=483.769
UD:91  MainPopSize=512  AveFitness=480.177  MaxFitness=483.769
UD:92  MainPopSize=512  AveFitness=481.077  MaxFitness=484.184
UD:93  MainPopSize=512  AveFitness=481.062  MaxFitness=485.809
UD:94  MainPopSize=512  AveFitness=481.785  MaxFitness=485.809
UD:95  MainPopSize=512  AveFitness=483.296  MaxFitness=485.809
UD:96  MainPopSize=512  AveFitness=482.965  MaxFitness=486.778
UD:97  MainPopSize=512  AveFitness=484.282  MaxFitness=486.778
UD:98  MainPopSize=512  AveFitness=484.961  MaxFitness=487.486
UD:99  MainPopSize=512  AveFitness=484.001  MaxFitness=488.182
UD:100  MainPopSize=512  AveFitness=485.229  MaxFitness=488.182
UD:101  MainPopSize=512  AveFitness=485.652  MaxFitness=489.673
UD:102  MainPopSize=512  AveFitness=485.769  MaxFitness=490.673
UD:103  MainPopSize=512  AveFitness=485.742  MaxFitness=491.15
UD:104  MainPopSize=512  AveFitness=487.822  MaxFitness=491.15
UD:105  MainPopSize=512  AveFitness=488.817  MaxFitness=491.781
UD:106  MainPopSize=512  AveFitness=488.745  MaxFitness=492.213
UD:107  MainPopSize=512  AveFitness=491.239  MaxFitness=492.388
UD:108  MainPopSize=512  AveFitness=490.901  MaxFitness=493.295
UD:109  MainPopSize=512  AveFitness=490.997  MaxFitness=494.674
UD:110  MainPopSize=512  AveFitness=489.828  MaxFitness=495.64
UD:111  MainPopSize=512  AveFitness=490.113  MaxFitness=496.41
UD:112  MainPopSize=512  AveFitness=492.192  MaxFitness=496.41
UD:113  MainPopSize=512  AveFitness=493.014  MaxFitness=496.908
UD:114  MainPopSize=512  AveFitness=493.927  MaxFitness=497.422
UD:115  MainPopSize=512  AveFitness=494.199  MaxFitness=498.024
UD:116  MainPopSize=512  AveFitness=494.432  MaxFitness=498.398
UD:117  MainPopSize=512  AveFitness=494.814  MaxFitness=498.662
UD:118  MainPopSize=512  AveFitness=496.746  MaxFitness=498.662
UD:119  MainPopSize=512  AveFitness=496.224  MaxFitness=499.916
UD:120  MainPopSize=512  AveFitness=497.076  MaxFitness=500.298
UD:121  MainPopSize=512  AveFitness=496.144  MaxFitness=501.139
UD:122  MainPopSize=512  AveFitness=496.089  MaxFitness=501.333
UD:123  MainPopSize=512  AveFitness=497.668  MaxFitness=502.211
UD:124  MainPopSize=512  AveFitness=498.025  MaxFitness=502.239
UD:125  MainPopSize=512  AveFitness=498.626  MaxFitness=503.028
UD:126  MainPopSize=512  AveFitness=500.699  MaxFitness=504.827
UD:127  MainPopSize=512  AveFitness=500.012  MaxFitness=504.827
UD:128  MainPopSize=512  AveFitness=501.877  MaxFitness=504.827
UD:129  MainPopSize=512  AveFitness=502.842  MaxFitness=505.156
UD:130  MainPopSize=512  AveFitness=504.246  MaxFitness=507.705
UD:131  MainPopSize=512  AveFitness=503.532  MaxFitness=507.872
UD:132  MainPopSize=512  AveFitness=501.506  MaxFitness=508.236
UD:133  MainPopSize=512  AveFitness=505.529  MaxFitness=508.236
UD:134  MainPopSize=512  AveFitness=505.634  MaxFitness=509.696
UD:135  MainPopSize=512  AveFitness=506.278  MaxFitness=510.027
UD:136  MainPopSize=512  AveFitness=506.149  MaxFitness=510.027
UD:137  MainPopSize=512  AveFitness=507.343  MaxFitness=511.431
UD:138  MainPopSize=512  AveFitness=508.055  MaxFitness=511.431
UD:139  MainPopSize=512  AveFitness=507.495  MaxFitness=511.96
UD:140  MainPopSize=512  AveFitness=507.907  MaxFitness=512.659
UD:141  MainPopSize=512  AveFitness=510.793  MaxFitness=513.962
UD:142  MainPopSize=512  AveFitness=509.116  MaxFitness=515.104
UD:143  MainPopSize=512  AveFitness=511.063  MaxFitness=515.781
UD:144  MainPopSize=512  AveFitness=512.175  MaxFitness=516.281
UD:145  MainPopSize=512  AveFitness=512.85  MaxFitness=516.281
UD:146  MainPopSize=512  AveFitness=511.061  MaxFitness=517.63
UD:147  MainPopSize=512  AveFitness=514.382  MaxFitness=517.63
UD:148  MainPopSize=512  AveFitness=515.428  MaxFitness=517.63
UD:149  MainPopSize=512  AveFitness=515.637  MaxFitness=519.338
UD:150  MainPopSize=512  AveFitness=515.594  MaxFitness=519.338
UD:151  MainPopSize=512  AveFitness=513.776  MaxFitness=519.338
UD:152  MainPopSize=512  AveFitness=516.81  MaxFitness=520.77
UD:153  MainPopSize=512  AveFitness=517.145  MaxFitness=520.782
UD:154  MainPopSize=512  AveFitness=517.99  MaxFitness=521.932
UD:155  MainPopSize=512  AveFitness=518.653  MaxFitness=521.932
UD:156  MainPopSize=512  AveFitness=519.792  MaxFitness=524.018
UD:157  MainPopSize=512  AveFitness=519.505  MaxFitness=524.018
UD:158  MainPopSize=512  AveFitness=518.795  MaxFitness=524.018
UD:159  MainPopSize=512  AveFitness=519.753  MaxFitness=524.459
UD:160  MainPopSize=512  AveFitness=522.165  MaxFitness=525.496
UD:161  MainPopSize=512  AveFitness=520.64  MaxFitness=526.058
UD:162  MainPopSize=512  AveFitness=523.284  MaxFitness=526.915
UD:163  MainPopSize=512  AveFitness=524.043  MaxFitness=528.328
UD:164  MainPopSize=512  AveFitness=526.005  MaxFitness=528.328
UD:165  MainPopSize=512  AveFitness=522.466  MaxFitness=528.402
UD:166  MainPopSize=512  AveFitness=525.534  MaxFitness=529.332
UD:167  MainPopSize=512  AveFitness=525.807  MaxFitness=530.453
UD:168  MainPopSize=512  AveFitness=526.486  MaxFitness=531.581
UD:169  MainPopSize=512  AveFitness=528.113  MaxFitness=531.581
UD:170  MainPopSize=512  AveFitness=525.81  MaxFitness=531.97
UD:171  MainPopSize=512  AveFitness=527.822  MaxFitness=531.97
UD:172  MainPopSize=512  AveFitness=527.807  MaxFitness=533.317
UD:173  MainPopSize=512  AveFitness=528.025  MaxFitness=533.805
UD:174  MainPopSize=512  AveFitness=529.443  MaxFitness=533.805
UD:175  MainPopSize=512  AveFitness=529.376  MaxFitness=533.949
UD:176  MainPopSize=512  AveFitness=531.249  MaxFitness=534.763
UD:177  MainPopSize=512  AveFitness=531.023  MaxFitness=534.763
UD:178  MainPopSize=512  AveFitness=530.818  MaxFitness=534.897
UD:179  MainPopSize=512  AveFitness=530.37  MaxFitness=536.158
UD:180  MainPopSize=512  AveFitness=532.978  MaxFitness=536.158
UD:181  MainPopSize=512  AveFitness=532.415  MaxFitness=536.697
UD:182  MainPopSize=512  AveFitness=531.878  MaxFitness=537.639
UD:183  MainPopSize=512  AveFitness=532.105  MaxFitness=538.063
UD:184  MainPopSize=512  AveFitness=533.604  MaxFitness=539.384
UD:185  MainPopSize=512  AveFitness=531.7  MaxFitness=540.6
UD:186  MainPopSize=512  AveFitness=536.31  MaxFitness=540.6
UD:187  MainPopSize=512  AveFitness=535.196  MaxFitness=540.6
UD:188  MainPopSize=512  AveFitness=538.299  MaxFitness=541.495
UD:189  MainPopSize=512  AveFitness=533.733  MaxFitness=541.861
UD:190  MainPopSize=512  AveFitness=539.251  MaxFitness=542.389
UD:191  MainPopSize=512  AveFitness=537.073  MaxFitness=542.904
UD:192  MainPopSize=512  AveFitness=539.624  MaxFitness=543.591
UD:193  MainPopSize=512  AveFitness=539.433  MaxFitness=544.976
UD:194  MainPopSize=512  AveFitness=536.655  MaxFitness=544.976
UD:195  MainPopSize=512  AveFitness=539.721  MaxFitness=544.976
UD:196  MainPopSize=512  AveFitness=541.179  MaxFitness=545.697
UD:197  MainPopSize=512  AveFitness=540.358  MaxFitness=546.119
UD:198  MainPopSize=512  AveFitness=540.824  MaxFitness=546.757
UD:199  MainPopSize=512  AveFitness=541.071  MaxFitness=547.41
UD:200  MainPopSize=512  AveFitness=541.504  MaxFitness=547.41
UD:201  MainPopSize=512  AveFitness=540.223  MaxFitness=547.612
UD:202  MainPopSize=512  AveFitness=543.15  MaxFitness=548.898
UD:203  MainPopSize=512  AveFitness=545.666  MaxFitness=548.898
UD:204  MainPopSize=512  AveFitness=545.444  MaxFitness=549.128
UD:205  MainPopSize=512  AveFitness=540.671  MaxFitness=549.446
UD:206  MainPopSize=512  AveFitness=545.629  MaxFitness=550.275
UD:207  MainPopSize=512  AveFitness=544.093  MaxFitness=550.675
UD:208  MainPopSize=512  AveFitness=545.972  MaxFitness=550.955
UD:209  MainPopSize=512  AveFitness=547.793  MaxFitness=551.724
UD:210  MainPopSize=512  AveFitness=547.414  MaxFitness=551.724
UD:211  MainPopSize=512  AveFitness=548.51  MaxFitness=551.835
UD:212  MainPopSize=512  AveFitness=547.983  MaxFitness=552.859
UD:213  MainPopSize=512  AveFitness=545.107  MaxFitness=553.642
UD:214  MainPopSize=512  AveFitness=549.193  MaxFitness=553.642
UD:215  MainPopSize=512  AveFitness=549.586  MaxFitness=556.25
UD:216  MainPopSize=512  AveFitness=550.61  MaxFitness=556.366
UD:217  MainPopSize=512  AveFitness=549.754  MaxFitness=557.453
UD:218  MainPopSize=512  AveFitness=548.071  MaxFitness=557.453
UD:219  MainPopSize=512  AveFitness=551.432  MaxFitness=557.642
UD:220  MainPopSize=512  AveFitness=545.247  MaxFitness=558.175
UD:221  MainPopSize=512  AveFitness=551.352  MaxFitness=558.567
UD:222  MainPopSize=512  AveFitness=553.383  MaxFitness=558.63
UD:223  MainPopSize=512  AveFitness=553.857  MaxFitness=560.357
UD:224  MainPopSize=512  AveFitness=553.05  MaxFitness=560.357
UD:225  MainPopSize=512  AveFitness=555.27  MaxFitness=560.887
UD:226  MainPopSize=512  AveFitness=555.398  MaxFitness=560.887
UD:227  MainPopSize=512  AveFitness=555.128  MaxFitness=561.899
UD:228  MainPopSize=512  AveFitness=558.338  MaxFitness=562.444
UD:229  MainPopSize=512  AveFitness=554.697  MaxFitness=563.018
UD:230  MainPopSize=512  AveFitness=557.025  MaxFitness=563.74
UD:231  MainPopSize=512  AveFitness=558.008  MaxFitness=564.341
UD:232  MainPopSize=512  AveFitness=555.015  MaxFitness=565.01
UD:233  MainPopSize=512  AveFitness=557.639  MaxFitness=565.01
UD:234  MainPopSize=512  AveFitness=559.377  MaxFitness=565.104
UD:235  MainPopSize=512  AveFitness=558.044  MaxFitness=566.179
UD:236  MainPopSize=512  AveFitness=562.505  MaxFitness=566.857
UD:237  MainPopSize=512  AveFitness=560.151  MaxFitness=566.857
UD:238  MainPopSize=512  AveFitness=561.381  MaxFitness=566.901
UD:239  MainPopSize=512  AveFitness=563.02  MaxFitness=568.1
UD:240  MainPopSize=512  AveFitness=564.019  MaxFitness=568.1
UD:241  MainPopSize=512  AveFitness=563.823  MaxFitness=568.62
UD:242  MainPopSize=512  AveFitness=563.467  MaxFitness=569.223
UD:243  MainPopSize=512  AveFitness=564.897  MaxFitness=569.994
UD:244  MainPopSize=512  AveFitness=560.827  MaxFitness=571.173
UD:245  MainPopSize=512  AveFitness=559.442  MaxFitness=571.173
UD:246  MainPopSize=512  AveFitness=566.757  MaxFitness=572.15
UD:247  MainPopSize=512  AveFitness=565.571  MaxFitness=572.15
UD:248  MainPopSize=512  AveFitness=566.742  MaxFitness=572.305
UD:249  MainPopSize=512  AveFitness=566.426  MaxFitness=572.642
UD:250  MainPopSize=512  AveFitness=566.918  MaxFitness=573.028
UD:251  MainPopSize=512  AveFitness=566.655  MaxFitness=573.47
UD:252  MainPopSize=512  AveFitness=568.979  MaxFitness=574.382
UD:253  MainPopSize=512  AveFitness=567.741  MaxFitness=574.681
UD:254  MainPopSize=512  AveFitness=567.459  MaxFitness=575.725
UD:255  MainPopSize=512  AveFitness=572.204  MaxFitness=575.725
UD:256  MainPopSize=512  AveFitness=570.573  MaxFitness=576.01
UD:257  MainPopSize=512  AveFitness=569.964  MaxFitness=576.01
UD:258  MainPopSize=512  AveFitness=570.115  MaxFitness=576.189
UD:259  MainPopSize=512  AveFitness=574.279  MaxFitness=576.877
UD:260  MainPopSize=512  AveFitness=566.985  MaxFitness=577.348
UD:261  MainPopSize=512  AveFitness=573.13  MaxFitness=577.929
UD:262  MainPopSize=512  AveFitness=571.071  MaxFitness=577.929
UD:263  MainPopSize=512  AveFitness=573.849  MaxFitness=577.929
UD:264  MainPopSize=512  AveFitness=572.489  MaxFitness=578.938
UD:265  MainPopSize=512  AveFitness=572.543  MaxFitness=580.056
UD:266  MainPopSize=512  AveFitness=571.295  MaxFitness=580.056
UD:267  MainPopSize=512  AveFitness=571.25  MaxFitness=580.813
UD:268  MainPopSize=512  AveFitness=572.474  MaxFitness=580.813
UD:269  MainPopSize=512  AveFitness=573.407  MaxFitness=580.995
UD:270  MainPopSize=512  AveFitness=577.794  MaxFitness=582.188
UD:271  MainPopSize=512  AveFitness=574.892  MaxFitness=582.609
UD:272  MainPopSize=512  AveFitness=575.212  MaxFitness=582.609
UD:273  MainPopSize=512  AveFitness=573.054  MaxFitness=583.464
UD:274  MainPopSize=512  AveFitness=579.012  MaxFitness=583.464
UD:275  MainPopSize=512  AveFitness=575.978  MaxFitness=706.1
UD:276  MainPopSize=512  AveFitness=581.168  MaxFitness=706.1
UD:277  MainPopSize=512  AveFitness=598.04  MaxFitness=706.985
UD:278  MainPopSize=512  AveFitness=664.595  MaxFitness=706.985
UD:279  MainPopSize=512  AveFitness=697.168  MaxFitness=708.769
UD:280  MainPopSize=512  AveFitness=698.239  MaxFitness=708.769
UD:281  MainPopSize=512  AveFitness=697.989  MaxFitness=708.917
UD:282  MainPopSize=512  AveFitness=695.155  MaxFitness=709.269
UD:283  MainPopSize=512  AveFitness=703.221  MaxFitness=709.717
UD:284  MainPopSize=512  AveFitness=702.11  MaxFitness=709.845
UD:285  MainPopSize=512  AveFitness=703.268  MaxFitness=711.238
UD:286  MainPopSize=512  AveFitness=700.321  MaxFitness=711.735
UD:287  MainPopSize=512  AveFitness=703.421  MaxFitness=712.667
UD:288  MainPopSize=512  AveFitness=706.525  MaxFitness=712.9
UD:289  MainPopSize=512  AveFitness=704.003  MaxFitness=714.251
UD:290  MainPopSize=512  AveFitness=703.805  MaxFitness=714.251
UD:291  MainPopSize=512  AveFitness=703.146  MaxFitness=714.263
UD:292  MainPopSize=512  AveFitness=703.736  MaxFitness=715.18
UD:293  MainPopSize=512  AveFitness=705.573  MaxFitness=715.543
UD:294  MainPopSize=512  AveFitness=708.961  MaxFitness=716.487
UD:295  MainPopSize=512  AveFitness=712.63  MaxFitness=716.503
UD:296  MainPopSize=512  AveFitness=710.211  MaxFitness=716.503
UD:297  MainPopSize=512  AveFitness=705.393  MaxFitness=718.357
UD:298  MainPopSize=512  AveFitness=711.182  MaxFitness=718.357
UD:299  MainPopSize=512  AveFitness=704.432  MaxFitness=718.357
UD:300  MainPopSize=512  AveFitness=713.031  MaxFitness=719.588
UD:301  MainPopSize=512  AveFitness=708.619  MaxFitness=719.588
UD:302  MainPopSize=512  AveFitness=713.166  MaxFitness=720.596
UD:303  MainPopSize=512  AveFitness=711.722  MaxFitness=720.814
UD:304  MainPopSize=512  AveFitness=709.422  MaxFitness=722.149
UD:305  MainPopSize=512  AveFitness=715.926  MaxFitness=722.149
UD:306  MainPopSize=512  AveFitness=712.424  MaxFitness=723.812
UD:307  MainPopSize=512  AveFitness=717.516  MaxFitness=723.812
UD:308  MainPopSize=512  AveFitness=714.738  MaxFitness=725.006
UD:309  MainPopSize=512  AveFitness=715.121  MaxFitness=726.781
UD:310  MainPopSize=512  AveFitness=721.833  MaxFitness=727.864
UD:311  MainPopSize=512  AveFitness=717.93  MaxFitness=727.864
UD:312  MainPopSize=512  AveFitness=718.842  MaxFitness=728.586
UD:313  MainPopSize=512  AveFitness=724.892  MaxFitness=729.043
UD:314  MainPopSize=512  AveFitness=720.903  MaxFitness=729.043
UD:315  MainPopSize=512  AveFitness=719.601  MaxFitness=729.391
UD:316  MainPopSize=512  AveFitness=723.396  MaxFitness=731.351
UD:317  MainPopSize=512  AveFitness=721.5  MaxFitness=731.351
UD:318  MainPopSize=512  AveFitness=722.331  MaxFitness=731.805
UD:319  MainPopSize=512  AveFitness=723.948  MaxFitness=732.43
UD:320  MainPopSize=512  AveFitness=717.903  MaxFitness=733.336
UD:321  MainPopSize=512  AveFitness=726.381  MaxFitness=733.367
UD:322  MainPopSize=512  AveFitness=719.8  MaxFitness=735.148
UD:323  MainPopSize=512  AveFitness=721.146  MaxFitness=735.763
UD:324  MainPopSize=512  AveFitness=726.719  MaxFitness=735.811
UD:325  MainPopSize=512  AveFitness=727.02  MaxFitness=737.073
UD:326  MainPopSize=512  AveFitness=726.444  MaxFitness=737.073
UD:327  MainPopSize=512  AveFitness=729.472  MaxFitness=737.073
UD:328  MainPopSize=512  AveFitness=731.292  MaxFitness=738.785
UD:329  MainPopSize=512  AveFitness=730.371  MaxFitness=739.226
UD:330  MainPopSize=512  AveFitness=725.323  MaxFitness=739.226
UD:331  MainPopSize=512  AveFitness=726.281  MaxFitness=740.002
UD:332  MainPopSize=512  AveFitness=730.547  MaxFitness=740.464
UD:333  MainPopSize=512  AveFitness=729.907  MaxFitness=740.464
UD:334  MainPopSize=512  AveFitness=726.138  MaxFitness=740.464
UD:335  MainPopSize=512  AveFitness=732.035  MaxFitness=742.931
UD:336  MainPopSize=512  AveFitness=734.809  MaxFitness=743.543
UD:337  MainPopSize=512  AveFitness=728.618  MaxFitness=743.543
UD:338  MainPopSize=512  AveFitness=728.546  MaxFitness=744.678
UD:339  MainPopSize=512  AveFitness=731.765  MaxFitness=744.678
UD:340  MainPopSize=512  AveFitness=739.158  MaxFitness=744.748
UD:341  MainPopSize=512  AveFitness=728.92  MaxFitness=744.946
UD:342  MainPopSize=512  AveFitness=729.258  MaxFitness=744.946
UD:343  MainPopSize=512  AveFitness=733.909  MaxFitness=746.274
UD:344  MainPopSize=512  AveFitness=732.11  MaxFitness=746.274
UD:345  MainPopSize=512  AveFitness=738.728  MaxFitness=747.499
UD:346  MainPopSize=512  AveFitness=740.744  MaxFitness=747.499
UD:347  MainPopSize=512  AveFitness=738.354  MaxFitness=747.499
UD:348  MainPopSize=512  AveFitness=734.801  MaxFitness=748.343
UD:349  MainPopSize=512  AveFitness=733.688  MaxFitness=749.135
UD:350  MainPopSize=512  AveFitness=736.034  MaxFitness=749.311
UD:351  MainPopSize=512  AveFitness=735.557  MaxFitness=749.311
UD:352  MainPopSize=512  AveFitness=736.55  MaxFitness=749.987
UD:353  MainPopSize=512  AveFitness=735.615  MaxFitness=750.324
UD:354  MainPopSize=512  AveFitness=737.454  MaxFitness=751.643
UD:355  MainPopSize=512  AveFitness=731.127  MaxFitness=751.643
UD:356  MainPopSize=512  AveFitness=738.692  MaxFitness=751.643
UD:357  MainPopSize=512  AveFitness=736.539  MaxFitness=752.735
UD:358  MainPopSize=512  AveFitness=736.336  MaxFitness=752.735
UD:359  MainPopSize=512  AveFitness=740.524  MaxFitness=752.735
UD:360  MainPopSize=512  AveFitness=738.195  MaxFitness=753.824
UD:361  MainPopSize=512  AveFitness=743.38  MaxFitness=753.824
UD:362  MainPopSize=512  AveFitness=745.735  MaxFitness=753.824
UD:363  MainPopSize=512  AveFitness=737.571  MaxFitness=753.824
UD:364  MainPopSize=512  AveFitness=740.691  MaxFitness=755.08
UD:365  MainPopSize=512  AveFitness=741.293  MaxFitness=755.142
UD:366  MainPopSize=512  AveFitness=744.498  MaxFitness=755.142
UD:367  MainPopSize=512  AveFitness=740.087  MaxFitness=755.854
UD:368  MainPopSize=512  AveFitness=742.14  MaxFitness=756.636
UD:369  MainPopSize=512  AveFitness=745.059  MaxFitness=756.636
UD:370  MainPopSize=512  AveFitness=747.296  MaxFitness=756.636
UD:371  MainPopSize=512  AveFitness=747.13  MaxFitness=756.663
UD:372  MainPopSize=512  AveFitness=746.316  MaxFitness=757.192
UD:373  MainPopSize=512  AveFitness=745.031  MaxFitness=758.46
UD:374  MainPopSize=512  AveFitness=751.187  MaxFitness=758.615
UD:375  MainPopSize=512  AveFitness=742.618  MaxFitness=758.615
UD:376  MainPopSize=512  AveFitness=748.27  MaxFitness=759.188
UD:377  MainPopSize=512  AveFitness=741.547  MaxFitness=759.244
UD:378  MainPopSize=512  AveFitness=748.179  MaxFitness=759.586
UD:379  MainPopSize=512  AveFitness=749.933  MaxFitness=759.735
UD:380  MainPopSize=512  AveFitness=748.632  MaxFitness=760.151
UD:381  MainPopSize=512  AveFitness=746.929  MaxFitness=760.64
UD:382  MainPopSize=512  AveFitness=741.026  MaxFitness=761.147
UD:383  MainPopSize=512  AveFitness=748.636  MaxFitness=761.792
UD:384  MainPopSize=512  AveFitness=745.148  MaxFitness=761.792
UD:385  MainPopSize=512  AveFitness=748.225  MaxFitness=761.792
UD:386  MainPopSize=512  AveFitness=749.545  MaxFitness=763.024
UD:387  MainPopSize=512  AveFitness=747.912  MaxFitness=763.068
UD:388  MainPopSize=512  AveFitness=749.347  MaxFitness=763.361
UD:389  MainPopSize=512  AveFitness=746.7  MaxFitness=763.361
UD:390  MainPopSize=512  AveFitness=748.368  MaxFitness=763.803
UD:391  MainPopSize=512  AveFitness=749.758  MaxFitness=765.155
UD:392  MainPopSize=512  AveFitness=757.867  MaxFitness=765.155
UD:393  MainPopSize=512  AveFitness=751.001  MaxFitness=765.155
UD:394  MainPopSize=512  AveFitness=752.132  MaxFitness=765.155
UD:395  MainPopSize=512  AveFitness=755.176  MaxFitness=929.885
UD:396  MainPopSize=512  AveFitness=755.798  MaxFitness=931.872
UD:397  MainPopSize=512  AveFitness=791.046  MaxFitness=932.353
UD:398  MainPopSize=512  AveFitness=880.687  MaxFitness=933.052
UD:399  MainPopSize=512  AveFitness=912.608  MaxFitness=933.052
UD:400  MainPopSize=512  AveFitness=920.362  MaxFitness=934.212
UD:401  MainPopSize=512  AveFitness=915.052  MaxFitness=934.212
UD:402  MainPopSize=512  AveFitness=913.821  MaxFitness=934.715
UD:403  MainPopSize=512  AveFitness=910.194  MaxFitness=936.886
UD:404  MainPopSize=512  AveFitness=926.327  MaxFitness=937.087
UD:405  MainPopSize=512  AveFitness=921.851  MaxFitness=937.849
UD:406  MainPopSize=512  AveFitness=913.549  MaxFitness=939.697
UD:407  MainPopSize=512  AveFitness=924.388  MaxFitness=939.697
UD:408  MainPopSize=512  AveFitness=921.612  MaxFitness=941.766
UD:409  MainPopSize=512  AveFitness=912.585  MaxFitness=941.766
UD:410  MainPopSize=512  AveFitness=929.454  MaxFitness=941.942
UD:411  MainPopSize=512  AveFitness=920.505  MaxFitness=943.103
UD:412  MainPopSize=512  AveFitness=919.563  MaxFitness=943.444
UD:413  MainPopSize=512  AveFitness=922.407  MaxFitness=944.009
UD:414  MainPopSize=512  AveFitness=927.62  MaxFitness=944.206
UD:415  MainPopSize=512  AveFitness=929.577  MaxFitness=945.146
UD:416  MainPopSize=512  AveFitness=925.006  MaxFitness=947
UD:417  MainPopSize=512  AveFitness=926.555  MaxFitness=947
UD:418  MainPopSize=512  AveFitness=917.447  MaxFitness=948.378
UD:419  MainPopSize=512  AveFitness=930.736  MaxFitness=949.726
UD:420  MainPopSize=512  AveFitness=925.775  MaxFitness=949.726
UD:421  MainPopSize=512  AveFitness=929.79  MaxFitness=952.479
UD:422  MainPopSize=512  AveFitness=932.529  MaxFitness=952.479
UD:423  MainPopSize=512  AveFitness=936.224  MaxFitness=953.649
UD:424  MainPopSize=512  AveFitness=939.596  MaxFitness=953.649
UD:425  MainPopSize=512  AveFitness=930.187  MaxFitness=955.656
UD:426  MainPopSize=512  AveFitness=931.156  MaxFitness=955.656
UD:427  MainPopSize=512  AveFitness=935.599  MaxFitness=956.052
UD:428  MainPopSize=512  AveFitness=940.278  MaxFitness=957.082
UD:429  MainPopSize=512  AveFitness=935.761  MaxFitness=957.082
UD:430  MainPopSize=512  AveFitness=939.32  MaxFitness=957.428
UD:431  MainPopSize=512  AveFitness=935.226  MaxFitness=957.672
UD:432  MainPopSize=512  AveFitness=929.312  MaxFitness=959.259
UD:433  MainPopSize=512  AveFitness=939.777  MaxFitness=959.259
UD:434  MainPopSize=512  AveFitness=937.037  MaxFitness=959.259
UD:435  MainPopSize=512  AveFitness=937.933  MaxFitness=961.02
UD:436  MainPopSize=512  AveFitness=937.49  MaxFitness=961.02
UD:437  MainPopSize=512  AveFitness=939.911  MaxFitness=961.594
UD:438  MainPopSize=512  AveFitness=944.109  MaxFitness=961.761
UD:439  MainPopSize=512  AveFitness=936.766  MaxFitness=963.265
UD:440  MainPopSize=512  AveFitness=938.264  MaxFitness=963.319
UD:441  MainPopSize=512  AveFitness=937.913  MaxFitness=965.524
UD:442  MainPopSize=512  AveFitness=940.987  MaxFitness=965.524
UD:443  MainPopSize=512  AveFitness=938.466  MaxFitness=966.529
UD:444  MainPopSize=512  AveFitness=937.408  MaxFitness=966.779
UD:445  MainPopSize=512  AveFitness=936.037  MaxFitness=966.779
UD:446  MainPopSize=512  AveFitness=940.591  MaxFitness=967.95
UD:447  MainPopSize=512  AveFitness=940.251  MaxFitness=968.874
UD:448  MainPopSize=512  AveFitness=935.81  MaxFitness=968.874
UD:449  MainPopSize=512  AveFitness=938.682  MaxFitness=970.243
UD:450  MainPopSize=512  AveFitness=940.596  MaxFitness=970.609
UD:451  MainPopSize=512  AveFitness=939.67  MaxFitness=971.176
UD:452  MainPopSize=512  AveFitness=947.376  MaxFitness=971.599
UD:453  MainPopSize=512  AveFitness=942.15  MaxFitness=971.978
UD:454  MainPopSize=512  AveFitness=958.274  MaxFitness=973.428
UD:455  MainPopSize=512  AveFitness=957.417  MaxFitness=974.396
UD:456  MainPopSize=512  AveFitness=954.646  MaxFitness=974.396
UD:457  MainPopSize=512  AveFitness=959.031  MaxFitness=974.792
UD:458  MainPopSize=512  AveFitness=943.805  MaxFitness=975.924
UD:459  MainPopSize=512  AveFitness=955.147  MaxFitness=977.698
UD:460  MainPopSize=512  AveFitness=951.446  MaxFitness=977.698
UD:461  MainPopSize=512  AveFitness=953.567  MaxFitness=977.698
UD:462  MainPopSize=512  AveFitness=956.781  MaxFitness=977.77
UD:463  MainPopSize=512  AveFitness=955.333  MaxFitness=978.875
UD:464  MainPopSize=512  AveFitness=961.106  MaxFitness=980.34
UD:465  MainPopSize=512  AveFitness=958.967  MaxFitness=980.34
UD:466  MainPopSize=512  AveFitness=957.941  MaxFitness=980.883
UD:467  MainPopSize=512  AveFitness=959.625  MaxFitness=980.883
UD:468  MainPopSize=512  AveFitness=958.327  MaxFitness=981.729
UD:469  MainPopSize=512  AveFitness=960.906  MaxFitness=982.877
UD:470  MainPopSize=512  AveFitness=962.106  MaxFitness=982.877
UD:471  MainPopSize=512  AveFitness=967.052  MaxFitness=983.439
UD:472  MainPopSize=512  AveFitness=966.746  MaxFitness=984.478
UD:473  MainPopSize=512  AveFitness=965.423  MaxFitness=984.642
UD:474  MainPopSize=512  AveFitness=962.013  MaxFitness=984.931
UD:475  MainPopSize=512  AveFitness=956.78  MaxFitness=985.956
UD:476  MainPopSize=512  AveFitness=967.95  MaxFitness=986.278
UD:477  MainPopSize=512  AveFitness=966.635  MaxFitness=987.994
UD:478  MainPopSize=512  AveFitness=967.834  MaxFitness=987.994
UD:479  MainPopSize=512  AveFitness=962.835  MaxFitness=989.377
UD:480  MainPopSize=512  AveFitness=966.18  MaxFitness=989.554
UD:481  MainPopSize=512  AveFitness=970.683  MaxFitness=989.554
UD:482  MainPopSize=512  AveFitness=976.712  MaxFitness=991.152
UD:483  MainPopSize=512  AveFitness=964.114  MaxFitness=991.628
UD:484  MainPopSize=512  AveFitness=959.577  MaxFitness=991.691
UD:485  MainPopSize=512  AveFitness=965.362  MaxFitness=992.605
UD:486  MainPopSize=512  AveFitness=953.444  MaxFitness=993.372
UD:487  MainPopSize=512  AveFitness=971.056  MaxFitness=993.864
UD:488  MainPopSize=512  AveFitness=966.887  MaxFitness=994.603
UD:489  MainPopSize=512  AveFitness=965.548  MaxFitness=995.922
UD:490  MainPopSize=512  AveFitness=975.122  MaxFitness=995.922
UD:491  MainPopSize=512  AveFitness=967.128  MaxFitness=995.922
UD:492  MainPopSize=512  AveFitness=973.355  MaxFitness=1055.39
UD:493  MainPopSize=512  AveFitness=977.603  MaxFitness=1055.39
UD:494  MainPopSize=512  AveFitness=982.865  MaxFitness=1055.39
UD:495  MainPopSize=512  AveFitness=984.675  MaxFitness=1055.79
UD:496  MainPopSize=512  AveFitness=1018.46  MaxFitness=1058.26
UD:497  MainPopSize=512  AveFitness=1036.16  MaxFitness=1058.26
UD:498  MainPopSize=512  AveFitness=1029.52  MaxFitness=1058.3
UD:499  MainPopSize=512  AveFitness=1025.91  MaxFitness=1059.21
UD:500  MainPopSize=512  AveFitness=1031.57  MaxFitness=1059.21
