merit,merit_given,genome,not,nand,and,ornot,andnot,or,nor,xor,equ
1,1,"[50]rucavccccccccccccccccccccccccccccccccccccutycasvab",0,0,0,0,0,0,0,0,0
1,1,"[50]rucavccccccccccccccccccccccccccccccccccccutycasvab",0,0,0,0,0,0,0,0,0
1,1,"[50]rucavccccccccccccccccccccccccccccccccccccutycasvab",0,0,0,0,0,0,0,0,0
1,1,"[50]rucavccccccccccccccccccccccccccccccccccccutycasvab",0,0,0,0,0,0,0,0,0
1,1,"[50]rucavccccccccccccccccccccccccccccccccccccutycasvab",0,0,0,0,0,0,0,0,0
1,1,"[50]rucavccccccccccccccccccccccccccccccccccccutycasvab",0,0,0,0,0,0,0,0,0
1,1,"[50]rucavccccccccccccccccccccccccccccccccccccutycasvab",0,0,0,0,0,0,0,0,0
1,1,"[50]rucavccccccccccccccccccccccccccccccccccccutycasvab",0,0,0,0,0,0,0,0,0
1,1,"[50]rucavccccccccccccccccccccccccccccccccccccutycasvab",0,0,0,0,0,0,0,0,0
1,1,"[50]rucavccccccccccccccccccccccccccccccccccccutycasvab",0,0,0,0,0,0,0,0,0
1,1,"[50]rucavccccccccccccccccccccccccccccccccccccutycasvab",0,0,0,0,0,0,0,0,0
1,1,"[50]rucavccccccccccccccccccccccccccccccccccccutycasvab",0,0,0,0,0,0,0,0,0
1,1,"[50]rucavccccccccccccccccccccccccccccccccccccutycasvab",0,0,0,0,0,0,0,0,0
1,1,"[50]rucavccccccccccccccccccccccccccccccccccccutycasvab",0,0,0,0,0,0,0,0,0
1,1,"[50]rucavccccccccccccccccccccccccccccccccccccutycasvab",0,0,0,0,0,0,0,0,0
1,1,"[50]rucavccccccccccccccccccccccccccccccccccccutycasvab",0,0,0,0,0,0,0,0,0
1,1,"[50]rucavccccccccccccccccccccccccccccccccccccutycasvab",0,0,0,0,0,0,0,0,0
1,1,"[50]rucavccccccccccccccccccccccccccccccccccccutycasvab",0,0,0,0,0,0,0,0,0
1,1,"[50]rucavccccccccccccccccccccccccccccccccccccutycasvab",0,0,0,0,0,0,0,0,0
1,1,"[50]rucavccccccccccccccccccccccccccccccccccccutycasvab",0,0,0,0,0,0,0,0,0
1,1,"[50]rucavccccccccccccccccccccccccccccccccccccutycasvab",0,0,0,0,0,0,0,0,0
1,1,"[50]rucavccccccccccccccccccccccccccccccccccccutycasvab",0,0,0,0,0,0,0,0,0
1,1,"[50]rucavccccccccccccccccccccccccccccccccccccutycasvab",0,0,0,0,0,0,0,0,0
1,1,"[50]rucavccccccccccccccccccccccccccccccccccccutycasvab",0,0,0,0,0,0,0,0,0
1,1,"[50]rucavccccccccccccccccccccccccccccccccccccutycasvab",0,0,0,0,0,0,0,0,0
1,1,"[50]rucavccccccccccccccccccccccccccccccccccccutycasvab",0,0,0,0,0,0,0,0,0
1,1,"[50]rucavccccccccccccccccccccccccccccccccccccutycasvab",0,0,0,0,0,0,0,0,0
1,1,"[50]rucavccccccccccccccccccccccccccccccccccccutycasvab",0,0,0,0,0,0,0,0,0
1,1,"[50]rucavccccccccccccccccccccccccccccccccccccutycasvab",0,0,0,0,0,0,0,0,0
1,1,"[50]rucavccccccccccccccccccccccccccccccccccccutycasvab",0,0,0,0,0,0,0,0,0
1,1,"[50]rucavccccccccccccccccccccccccccccccccccccutycasvab",0,0,0,0,0,0,0,0,0
1,1,"[50]rucavccccccccccccccccccccccccccccccccccccutycasvab",0,0,0,0,0,0,0,0,0
1,1,"[50]rucavccccccccccccccccccccccccccccccccccccutycasvab",0,0,0,0,0,0,0,0,0
1,1,"[50]rucavccccccccccccccccccccccccccccccccccccutycasvab",0,0,0,0,0,0,0,0,0
1,1,"[50]rucavccccccccccccccccccccccccccccccccccccutycasvab",0,0,0,0,0,0,0,0,0
1,1,"[50]rucavccccccccccccccccccccccccccccccccccccutycasvab",0,0,0,0,0,0,0,0,0
1,1,"[50]rucavccccccccccccccccccccccccccccccccccccutycasvab",0,0,0,0,0,0,0,0,0
1,1,"[50]rucavccccccccccccccccccccccccccccccccccccutycasvab",0,0,0,0,0,0,0,0,0
1,1,"[50]rucavccccccccccccccccccccccccccccccccccccutycasvab",0,0,0,0,0,0,0,0,0
1,1,"[50]rucavccccccccccccccccccccccccccccccccccccutycasvab",0,0,0,0,0,0,0,0,0
1,1,"[50]rucavccccccccccccccccccccccccccccccccccccutycasvab",0,0,0,0,0,0,0,0,0
1,1,"[50]rucavccccccccccccccccccccccccccccccccccccutycasvab",0,0,0,0,0,0,0,0,0
1,1,"[50]rucavccccccccccccccccccccccccccccccccccccutycasvab",0,0,0,0,0,0,0,0,0
1,1,"[50]rucavccccccccccccccccccccccccccccccccccccutycasvab",0,0,0,0,0,0,0,0,0
1,1,"[50]rucavccccccccccccccccccccccccccccccccccccutycasvab",0,0,0,0,0,0,0,0,0
1,1,"[50]rucavccccccccccccccccccccccccccccccccccccutycasvab",0,0,0,0,0,0,0,0,0
1,1,"[50]rucavccccccccccccccccccccccccccccccccccccutycasvab",0,0,0,0,0,0,0,0,0
1,1,"[50]rucavccccccccccccccccccccccccccccccccccccutycasvab",0,0,0,0,0,0,0,0,0
1,1,"[50]rucavccccccccccccccccccccccccccccccccccccutycasvab",0,0,0,0,0,0,0,0,0
1,1,"[50]rucavccccccccccccccccccccccccccccccccccccutycasvab",0,0,0,0,0,0,0,0,0
1,1,"[50]rucavccccccccccccccccccccccccccccccccccccutycasvab",0,0,0,0,0,0,0,0,0
1,1,"[50]rucavccccccccccccccccccccccccccccccccccccutycasvab",0,0,0,0,0,0,0,0,0
1,1,"[50]rucavccccccccccccccccccccccccccccccccccccutycasvab",0,0,0,0,0,0,0,0,0
1,1,"[50]rucavccccccccccccccccccccccccccccccccccccutycasvab",0,0,0,0,0,0,0,0,0
1,1,"[50]rucavccccccccccccccccccccccccccccccccccccutycasvab",0,0,0,0,0,0,0,0,0
1,1,"[50]rucavccccccccccccccccccccccccccccccccccccutycasvab",0,0,0,0,0,0,0,0,0
1,1,"[50]rucavccccccccccccccccccccccccccccccccccccutycasvab",0,0,0,0,0,0,0,0,0
1,1,"[50]rucavccccccccccccccccccccccccccccccccccccutycasvab",0,0,0,0,0,0,0,0,0
1,1,"[50]rucavccccccccccccccccccccccccccccccccccccutycasvab",0,0,0,0,0,0,0,0,0
1,1,"[50]rucavccccccccccccccccccccccccccccccccccccutycasvab",0,0,0,0,0,0,0,0,0
1,1,"[50]rucavccccccccccccccccccccccccccccccccccccutycasvab",0,0,0,0,0,0,0,0,0
1,1,"[50]rucavccccccccccccccccccccccccccccccccccccutycasvab",0,0,0,0,0,0,0,0,0
1,1,"[50]rucavccccccccccccccccccccccccccccccccccccutycasvab",0,0,0,0,0,0,0,0,0
1,1,"[50]rucavccccccccccccccccccccccccccccccccccccutycasvab",0,0,0,0,0,0,0,0,0
1,1,"[50]rucavccccccccccccccccccccccccccccccccccccutycasvab",0,0,0,0,0,0,0,0,0
1,1,"[50]rucavccccccccccccccccccccccccccccccccccccutycasvab",0,0,0,0,0,0,0,0,0
1,1,"[50]rucavccccccccccccccccccccccccccccccccccccutycasvab",0,0,0,0,0,0,0,0,0
1,1,"[50]rucavccccccccccccccccccccccccccccccccccccutycasvab",0,0,0,0,0,0,0,0,0
1,1,"[50]rucavccccccccccccccccccccccccccccccccccccutycasvab",0,0,0,0,0,0,0,0,0
1,1,"[50]rucavccccccccccccccccccccccccccccccccccccutycasvab",0,0,0,0,0,0,0,0,0
1,1,"[50]rucavccccccccccccccccccccccccccccccccccccutycasvab",0,0,0,0,0,0,0,0,0
1,1,"[50]rucavccccccccccccccccccccccccccccccccccccutycasvab",0,0,0,0,0,0,0,0,0
1,1,"[50]rucavccccccccccccccccccccccccccccccccccccutycasvab",0,0,0,0,0,0,0,0,0
1,1,"[50]rucavccccccccccccccccccccccccccccccccccccutycasvab",0,0,0,0,0,0,0,0,0
1,1,"[50]rucavccccccccccccccccccccccccccccccccccccutycasvab",0,0,0,0,0,0,0,0,0
1,1,"[50]rucavccccccccccccccccccccccccccccccccccccutycasvab",0,0,0,0,0,0,0,0,0
1,1,"[50]rucavccccccccccccccccccccccccccccccccccccutycasvab",0,0,0,0,0,0,0,0,0
1,1,"[50]rucavccccccccccccccccccccccccccccccccccccutycasvab",0,0,0,0,0,0,0,0,0
1,1,"[50]rucavccccccccccccccccccccccccccccccccccccutycasvab",0,0,0,0,0,0,0,0,0
1,1,"[50]rucavccccccccccccccccccccccccccccccccccccutycasvab",0,0,0,0,0,0,0,0,0
1,1,"[50]rucavccccccccccccccccccccccccccccccccccccutycasvab",0,0,0,0,0,0,0,0,0
1,1,"[50]rucavccccccccccccccccccccccccccccccccccccutycasvab",0,0,0,0,0,0,0,0,0
1,1,"[50]rucavccccccccccccccccccccccccccccccccccccutycasvab",0,0,0,0,0,0,0,0,0
1,1,"[50]rucavccccccccccccccccccccccccccccccccccccutycasvab",0,0,0,0,0,0,0,0,0
1,1,"[50]rucavccccccccccccccccccccccccccccccccccccutycasvab",0,0,0,0,0,0,0,0,0
1,1,"[50]rucavccccccccccccccccccccccccccccccccccccutycasvab",0,0,0,0,0,0,0,0,0
1,1,"[50]rucavccccccccccccccccccccccccccccccccccccutycasvab",0,0,0,0,0,0,0,0,0
1,1,"[50]rucavccccccccccccccccccccccccccccccccccccutycasvab",0,0,0,0,0,0,0,0,0
8,1.88,"[50]rusavcicjcccjndcsscccqmcccccccccxcccsecnutymlxlvab",0,0,0,0,1,0,0,0,0
8,1.88,"[50]rusavcicjcccjndcsscccqmcccccccccxcccsecnutymlxlvab",0,0,0,0,1,0,0,0,0
8,1.88,"[50]rusavcicjcccjndcsscccqmcccccccccxcccsecnutymlxlvab",0,0,0,0,1,0,0,0,0
8,1.88,"[50]rusavcicjcccjndcsscccqmcccccccccxcccsecnutymlxlvab",0,0,0,0,1,0,0,0,0
8,1.88,"[50]rusavcicjcccjndcsscccqmcccccccccxcccsecnutymlxlvab",0,0,0,0,1,0,0,0,0
8,1.88,"[50]rusavcicjcccjndcsscccqmcccccccccxcccsecnutymlxlvab",0,0,0,0,1,0,0,0,0
8,1.88,"[50]rusavcicjcccjndcsscccqmcccccccccxcccsecnutymlxlvab",0,0,0,0,1,0,0,0,0
8,1.88,"[50]rusavcicjcccjndcsscccqmcccccccccxcccsecnutymlxlvab",0,0,0,0,1,0,0,0,0
8,1.88,"[50]rusavcicjcccjndcsscccqmcccccccccxcccsecnutymlxlvab",0,0,0,0,1,0,0,0,0
8,1.88,"[50]rusavcicjcccjndcsscccqmcccccccccxcccsecnutymlxlvab",0,0,0,0,1,0,0,0,0
8,1.88,"[50]rusavcicjcccjndcsscccqmcccccccccxcccsecnutymlxlvab",0,0,0,0,1,0,0,0,0
8,1.88,"[50]rusavcicjcccjndcsscccqmcccccccccxcccsecnutymlxlvab",0,0,0,0,1,0,0,0,0
