merit_mean,merit_max,dominant_genome
0.01,0.01,"[50]cccccccccccccccccccccccccccccccccccccccccccccccccH"
0.01,0.01,"[50]cccccccccccccccccccccccccccccccccccccccccccccccccH"
0.01,0.01,"[50]cccccccccccccccccccccccccccccccccccccccccccccccccH"
0.01,0.01,"[50]cccccccccccccccccccccccccccccccccccccccccccccccccH"
0.01,0.01,"[50]cccccccccccccccccccccccccccccccccccccccccccccccccH"
0.01,0.01,"[50]cccccccccccccccccccccccccccccccccccccccccccccccccH"
-0.00333333,0.01,"[50]cccccccccccccccccccccccccccccccccccccccccccccccccH"
0.01,0.01,"[50]cccccccccccccccccccccccccccccccccccccccccccccccccH"
-0.00411765,0.01,"[50]cccccccccccccccccccccccccccccccccccccccccccccccccH"
0.00806452,0.01,"[52]cccccccccccccccBccccccccccccccccccccccccckcccccccccH"
-0.002,0.01,"[52]cccccccccccccccBccccccccccccccccccccccccckcccccccccH"
0.0037931,0.01,"[52]cccccccccccccccBccccccccccccccccccccccccckcccccccccH"
0.00180556,0.01,"[52]cccccccccccccccBccccccccccccccccccccccccckcccccccccH"
0.00587719,0.01,"[52]cccccccccccccccBccccccccccccccccccccccccckcccccccccH"
0.0044898,0.05,"[52]cccccccccccccccBccccccccccccccccccccccccckcccccccccH"
0.00514019,0.05,"[52]cccccccccccccccBccccccccccccccccccccccccckcccccccccH"
0.00431507,0.05,"[52]cccccccccccccccBccccccccccccccccccccccccckcccccccccH"
0.00359155,0.05,"[52]cccccccccccccccBccccccccccccccccccccccccckcccccccccH"
0.00505085,0.05,"[52]cccccccccccccccBccccccccccccccccccccccccckcccccccccH"
0.0048951,0.1,"[52]cccccccccccccccBccccccccccccccccccccccccckcccccccccH"
0.00487,0.1,"[52]cccccccccccccccBccccccccccccccccccccccccckcccccccccH"
0.00469,0.15,"[49]cccccccccLccccccccccccccHccfccJcccccceccccccccccH"
0.00628,0.1,"[50]cccccccccccccccccdcccccccccccccccccccccccccccccccH"
0.00548,0.1,"[50]cccccccccccccccccdcccccccccccccccccccccccccccccccH"
0.00605,0.1,"[50]cccccccccccccccccdcccccccccccccccccccccccccccccccH"
0.00663,0.1,"[44]cxccccccccccccccGcccccccccccccccccccccccdccH"
0.00516,0.1,"[48]cccccccccLccccuccccccccccHcfccJcfccccecccccccccH"
0.00617,0.1,"[48]cccccccccLccccuccccccccccHcfccJcfccccecccccccccH"
0.00455,0.1,"[48]cccccccccLccccuccccccccccHcfccJcfccccecccccccccH"
0.00548,0.15,"[50]AccccccccccHcccBckccDccrcccccccccccccccickcccccccH"
0.00696,0.1,"[47]AccFccccHhccBccccDqccccccccccccccccickccccccccH"
0.00526,0.15,"[47]AccFccccHhccBccccDqccccccccccccccccickccccccccH"
0.00523,0.1,"[50]AccccccccccHcccBckccDccrcccccccccccccccickcccccccH"
0.00713,0.1,"[47]ccccccccccccccccdcccccccccccccccccccccccccccccH"
0.00789,0.1,"[53]cplcccccDccccccccdccccccccJccccKccADcncccckcccccccccH"
0.00775,0.1,"[53]cplcccccDccccccccdccccccccJccccKccADcncccckcccccccccH"
0.00712,0.1,"[43]ccccccccLccccIcczccccccccJcccfccccccuzccccH"
0.00797,0.1,"[47]ccccccccLccccuccccccccccHcfccJcfccccecacccccccH"
0.00884,0.1,"[47]ccccccccLccccuccccccccccHcfccJcfccccecacccccccH"
0.00906,0.1,"[46]cccccccmdLccpccccccccccccfJcnoiccccecccccccccH"
0.00947,0.15,"[43]ccccccccLccccIcczccccccccJcccfccccccuzccccH"
0.01017,0.1,"[43]ccccccccLccccIcczccccccccJcccfccccccuzccccH"
0.00977,0.15,"[43]ccccccccLccccIcczccccccccJcccfccccccuzccccH"
0.01016,0.2,"[48]xccccgccchccccBcciccBccccccccccccccAbckncccccccH"
0.0101,0.2,"[41]cccccccqcncccycccccccccccJcccccccccccccIH"
0.00964,0.1,"[51]BccccKcccccBccccccccqcccAccccccccqspgcickccccccccnH"
0.00884,0.15,"[44]ccccccccccccccdHccccccccczccccccccucccckcccH"
0.00975,0.1,"[44]ccccccccccccccdHccccccccczccccccccucccckcccH"
0.01111,0.1,"[53]cJcccccccLvccccDccJccccccnHccfHcbJccccccecccccccgvcMH"
0.01122,0.15,"[47]cmccccccccccccaccccccHccAfHobJcccccecccccmccccH"
0.0109,0.15,"[48]cccccccLcccAcuccccHcwccccHtcMGcJfccccecccccccccH"
0.01278,0.2,"[43]dccccccdkccecccccccccHccfufcccccevcccccccch"
0.01191,0.25,"[40]dccccccckccucccccccccHccfcJcbccbcccccccH"
0.01332,0.25,"[41]dcccccccBkcccccccccCccHccfcJccceccccccccH"
0.0132,0.1,"[40]dccccccckccucccccccccHccfcJcbccbcccccccH"
0.0142,0.1,"[40]dccccccckccucccccccccHccfcJcbccbcccccccH"
0.01396,0.1,"[43]cccccccccccccdHccccccccczccccccccucccckcccH"
0.01539,0.1,"[44]cmccccccccccccaccccccHccAHobccccceccczmccccH"
0.01562,0.2,"[50]cccovccccpccccBccccccccccDccccccIyccHkccccBxccychH"
0.01556,0.1,"[58]KcccclccccccccdcBcbnccccbtcczcKiucccccccHlcccBqckxcccccAmH"
0.01707,0.2,"[46]cACccccocczcccoclcccccccjcgcKxHdccccacHccGcccc"
0.01558,0.1,"[44]cACccccocczcccclcccccccjcgcKxHdcccocacHccGcc"
0.01522,0.15,"[43]cBccccIccccckccfcccccHiwHcbJiccceglucctcccC"
0.01648,0.1,"[40]cccccDcccJccccccccHcfHcbJcbcgcArccctcccH"
0.01517,0.15,"[48]cnczEcycccIcccbacccccccHccfHcbJciIMcecaGccccccgH"
0.01486,0.1,"[45]ccuccocIcccccaccccbcycqHicHcbJciccclglcctcccC"
0.01508,0.1,"[39]cccccIccccccvccKcccwfHcbJcbccchccclcccH"
0.01513,0.15,"[43]cccccwcLccccBccccHcwcccHtcGcJfccccecccvcccH"
0.0158,0.2,"[43]cccccwcLccccBccccHcwcccHtcGcJfccccecccvcccH"
0.0172,0.2,"[36]hcccccccikcccccccCccHccfJccceccccccH"
0.01679,0.15,"[36]hcccccccikcccccccCccHccfJccceccccccH"
0.01826,0.15,"[40]dcmccccckcccccccevccccHccfcJccocHIccccqp"
0.01772,0.15,"[34]hcccccckcccccccCccHBcfJccceccccccH"
0.0168,0.25,"[32]FhxcccccckccccccCccHcfJcevcccccH"
0.01656,0.15,"[46]ccccjccIccccGccccccccHcfHcbJnbcccrcHcccctccDcH"
0.01762,0.15,"[34]hcccccckcccccccCccHBcfJccceccccccH"
0.01973,0.15,"[44]GfccDccLcxcAbcusnHycwGcccHGtcMGvfcceccccckcH"
0.01958,0.25,"[30]FxccaccckccccxcccHcfJcevcycccH"
0.02127,0.2,"[51]cicCccccccLccccuDccgcacacbcHchoccJcfcacDcgmtdcBJvGH"
0.02068,0.25,"[34]cccccccikccccccCccHccmJccceccccccH"
0.02088,0.15,"[34]hcccccccicccccBCccHccfxJccceccwccH"
0.02099,0.15,"[35]lcccxcvccccjccccCcfHrbcbsccrcyccccH"
0.02066,0.1,"[42]dcccIHHccccccccclcHcfHcbJcbpcchnHcccoecccH"
0.01929,0.1,"[30]xcaacccGrccccxccHcfJcevcGycccH"
0.01782,0.1,"[33]cccccccikcccccCccHccmJcccezcccccH"
0.01982,0.15,"[33]hAccccccicccccBCccHcfxJccceccwccH"
0.01973,0.2,"[34]ncccDcecicccccccccHfHcbJccAqccctcc"
0.01865,0.25,"[34]hBccccckcccccccHccHBcfJccceBcyctcH"
0.02106,0.15,"[38]hccHcccccikccctMccCccHccfJcckaccizcccH"
0.02171,0.2,"[28]FxccaccccccxvccHcfJcevcycccH"
0.02152,0.25,"[38]hccHcccccikccctMccCccHccfJcckaccizcccH"
0.02134,0.25,"[38]hccHcccccikccctMccCccHccfJcckaccizcccH"
0.01995,0.25,"[40]cBcscccccccvcjecccxCcfHlrbcbsccrcwcovccH"
0.02126,0.15,"[37]dfCccccxkbcceccccHccHmcncevcchccclxjH"
0.02039,0.2,"[29]FxccaccccccxvccHcfJcevcsycccy"
0.02035,0.25,"[29]FxccaccccccxvccHcfJcevcsycccy"
0.01958,0.15,"[26]FccacccxvccHcfJcCHpDcycccH"
0.0193,0.15,"[31]FuxcBcacckccacxvCcHcfJceccyIccc"
0.02011,0.2,"[33]cmLhcccpkiwCceccccHskeJcccHcDmCiH"
0.02122,0.15,"[38]cccccIcdccGccLcccHcfHcEbJccLEcHgcccDcH"
0.02113,0.25,"[26]FccacccxvccHcfJcCHpDcycccH"
0.01928,0.2,"[29]hccccciccccBFcvHkccfxJccgccwc"
0.01649,0.25,"[32]uxcBcacckcccckxvccHcfJAevcyIcccH"
0.01704,0.15,"[31]FxccaccckcmccHxxccHcpJcILevcycH"
0.01492,0.25,"[31]pcFHcecKcikctcchfvcIHceccrccccH"
0.01403,0.15,"[32]pccHcecKcikctcchfvcIHcfJccrccccH"
0.0136,0.15,"[32]pccHcecKcikctcchfvcIHcfJccrccccH"
0.01465,0.15,"[32]pccHcecKcikctcchfvcIHcfJccrccccH"
0.01525,0.15,"[34]umeicGcyccaIIkcccccHccHcncqlccfAmm"
0.01344,0.15,"[19]FxFcccHcxcHfJlecMcc"
0.0158,0.2,"[19]FxFcccHcxcHfJlecMcc"
0.01607,0.25,"[19]FxFcccHcxcHfJlecMcc"
0.01518,0.3,"[16]FFcccHcxcHfJemcc"
0.01464,0.15,"[16]FFcccHcxcHfJemcc"
0.01209,0.1,"[16]FxcccfccHfJlecMc"
0.01187,0.15,"[15]FFccHLxcHfJemcc"
0.01131,0.1,"[14]FxFccHcxHJeMcc"
0.0114,0.2,"[13]xcccIcxHkfleM"
0.01074,0.1,"[14]xFcccccHJleccc"
0.01092,0.2,"[13]xcccIcxHkfleM"
0.01158,0.1,"[13]xcccIcxHkfleM"
0.01352,0.1,"[11]xFccccHJecc"
0.01588,0.15,"[11]xcccccHJccc"
0.01689,0.2,"[10]xccIcHfleM"
0.0176,0.25,"[7]xcIxHle"
0.02065,0.2,"[6]cIxHle"
0.02125,0.1,"[6]xcIHle"
