Loading file(s): 'NK.mabe'
Setting Random Seed to 10
random_seed = 10

UD:1  MainPopSize=512  AveFitness=48.854  MaxFitness=58.4982
UD:2  MainPopSize=512  AveFitness=52.8817  MaxFitness=59.0224
UD:3  MainPopSize=512  AveFitness=55.8942  MaxFitness=59.7478
UD:4  MainPopSize=512  AveFitness=57.9436  MaxFitness=60.6465
UD:5  MainPopSize=512  AveFitness=58.7046  MaxFitness=61.3397
UD:6  MainPopSize=512  AveFitness=59.5367  MaxFitness=62.49
UD:7  MainPopSize=512  AveFitness=60.2191  MaxFitness=62.9935
UD:8  MainPopSize=512  AveFitness=61.0236  MaxFitness=64.1369
UD:9  MainPopSize=512  AveFitness=61.8302  MaxFitness=64.6493
UD:10  MainPopSize=512  AveFitness=62.5748  MaxFitness=64.9448
UD:11  MainPopSize=512  AveFitness=63.1878  MaxFitness=65.6684
UD:12  MainPopSize=512  AveFitness=63.6344  MaxFitness=66.5018
UD:13  MainPopSize=512  AveFitness=64.0673  MaxFitness=66.5018
UD:14  MainPopSize=512  AveFitness=64.5463  MaxFitness=67.3164
UD:15  MainPopSize=512  AveFitness=65.0547  MaxFitness=67.4707
UD:16  MainPopSize=512  AveFitness=65.5704  MaxFitness=67.955
UD:17  MainPopSize=512  AveFitness=66.0395  MaxFitness=68.0914
UD:18  MainPopSize=512  AveFitness=66.4369  MaxFitness=68.0879
UD:19  MainPopSize=512  AveFitness=66.6529  MaxFitness=68.5107
UD:20  MainPopSize=512  AveFitness=66.8827  MaxFitness=68.5684
UD:21  MainPopSize=512  AveFitness=67.0951  MaxFitness=68.8465
UD:22  MainPopSize=512  AveFitness=67.2193  MaxFitness=68.8465
UD:23  MainPopSize=512  AveFitness=67.3641  MaxFitness=69.024
UD:24  MainPopSize=512  AveFitness=67.6313  MaxFitness=69.1093
UD:25  MainPopSize=512  AveFitness=67.6759  MaxFitness=69.2893
UD:26  MainPopSize=512  AveFitness=67.9839  MaxFitness=69.2893
UD:27  MainPopSize=512  AveFitness=68.0471  MaxFitness=69.347
UD:28  MainPopSize=512  AveFitness=68.1847  MaxFitness=69.4165
UD:29  MainPopSize=512  AveFitness=68.2883  MaxFitness=70.1224
UD:30  MainPopSize=512  AveFitness=68.4189  MaxFitness=70.1259
UD:31  MainPopSize=512  AveFitness=68.514  MaxFitness=70.1259
UD:32  MainPopSize=512  AveFitness=68.5931  MaxFitness=70.2856
UD:33  MainPopSize=512  AveFitness=68.8387  MaxFitness=70.3668
UD:34  MainPopSize=512  AveFitness=69.0826  MaxFitness=70.3668
UD:35  MainPopSize=512  AveFitness=69.2094  MaxFitness=70.4933
UD:36  MainPopSize=512  AveFitness=69.4543  MaxFitness=71.1603
UD:37  MainPopSize=512  AveFitness=69.4653  MaxFitness=71.1603
UD:38  MainPopSize=512  AveFitness=69.4446  MaxFitness=71.1603
UD:39  MainPopSize=512  AveFitness=69.5806  MaxFitness=71.1603
UD:40  MainPopSize=512  AveFitness=69.6786  MaxFitness=71.2791
UD:41  MainPopSize=512  AveFitness=69.9343  MaxFitness=71.488
UD:42  MainPopSize=512  AveFitness=70.0507  MaxFitness=71.5199
UD:43  MainPopSize=512  AveFitness=70.1774  MaxFitness=71.488
UD:44  MainPopSize=512  AveFitness=70.2701  MaxFitness=71.5199
UD:45  MainPopSize=512  AveFitness=70.306  MaxFitness=71.5199
UD:46  MainPopSize=512  AveFitness=70.3893  MaxFitness=71.6067
UD:47  MainPopSize=512  AveFitness=70.442  MaxFitness=71.6067
UD:48  MainPopSize=512  AveFitness=70.557  MaxFitness=71.6067
UD:49  MainPopSize=512  AveFitness=70.4743  MaxFitness=71.6674
UD:50  MainPopSize=512  AveFitness=70.5095  MaxFitness=71.6674
UD:51  MainPopSize=512  AveFitness=70.5719  MaxFitness=71.6674
UD:52  MainPopSize=512  AveFitness=70.5157  MaxFitness=71.6674
UD:53  MainPopSize=512  AveFitness=70.6972  MaxFitness=71.6674
UD:54  MainPopSize=512  AveFitness=70.6081  MaxFitness=71.6674
UD:55  MainPopSize=512  AveFitness=70.7153  MaxFitness=71.6674
UD:56  MainPopSize=512  AveFitness=70.7018  MaxFitness=71.6674
UD:57  MainPopSize=512  AveFitness=70.6396  MaxFitness=71.6674
UD:58  MainPopSize=512  AveFitness=70.6118  MaxFitness=71.6674
UD:59  MainPopSize=512  AveFitness=70.6685  MaxFitness=71.6674
UD:60  MainPopSize=512  AveFitness=70.5867  MaxFitness=71.6674
UD:61  MainPopSize=512  AveFitness=70.6053  MaxFitness=71.6674
UD:62  MainPopSize=512  AveFitness=70.7297  MaxFitness=71.6674
UD:63  MainPopSize=512  AveFitness=70.6975  MaxFitness=71.6674
UD:64  MainPopSize=512  AveFitness=70.6306  MaxFitness=71.6674
UD:65  MainPopSize=512  AveFitness=70.5678  MaxFitness=71.6674
UD:66  MainPopSize=512  AveFitness=70.6408  MaxFitness=71.6674
UD:67  MainPopSize=512  AveFitness=70.6613  MaxFitness=71.6674
UD:68  MainPopSize=512  AveFitness=70.7064  MaxFitness=71.8124
UD:69  MainPopSize=512  AveFitness=70.6993  MaxFitness=71.6674
UD:70  MainPopSize=512  AveFitness=70.6449  MaxFitness=72.3599
UD:71  MainPopSize=512  AveFitness=70.767  MaxFitness=72.3599
UD:72  MainPopSize=512  AveFitness=70.6761  MaxFitness=72.3599
UD:73  MainPopSize=512  AveFitness=70.639  MaxFitness=72.3599
UD:74  MainPopSize=512  AveFitness=70.6786  MaxFitness=72.3599
UD:75  MainPopSize=512  AveFitness=70.6676  MaxFitness=72.3599
UD:76  MainPopSize=512  AveFitness=70.7655  MaxFitness=72.3599
UD:77  MainPopSize=512  AveFitness=70.9824  MaxFitness=72.3599
UD:78  MainPopSize=512  AveFitness=71.065  MaxFitness=72.3599
UD:79  MainPopSize=512  AveFitness=71.2811  MaxFitness=72.3599
UD:80  MainPopSize=512  AveFitness=71.253  MaxFitness=72.3599
UD:81  MainPopSize=512  AveFitness=71.2807  MaxFitness=72.3599
UD:82  MainPopSize=512  AveFitness=71.2461  MaxFitness=72.3599
UD:83  MainPopSize=512  AveFitness=71.3499  MaxFitness=72.3599
UD:84  MainPopSize=512  AveFitness=71.3195  MaxFitness=72.3599
UD:85  MainPopSize=512  AveFitness=71.3368  MaxFitness=72.3599
UD:86  MainPopSize=512  AveFitness=71.2938  MaxFitness=72.3599
UD:87  MainPopSize=512  AveFitness=71.3062  MaxFitness=72.3599
UD:88  MainPopSize=512  AveFitness=71.3692  MaxFitness=72.3599
UD:89  MainPopSize=512  AveFitness=71.3627  MaxFitness=72.3599
UD:90  MainPopSize=512  AveFitness=71.3389  MaxFitness=72.3599
UD:91  MainPopSize=512  AveFitness=71.3511  MaxFitness=72.3599
UD:92  MainPopSize=512  AveFitness=71.3459  MaxFitness=72.3599
UD:93  MainPopSize=512  AveFitness=71.3952  MaxFitness=72.3599
UD:94  MainPopSize=512  AveFitness=71.3738  MaxFitness=72.3599
UD:95  MainPopSize=512  AveFitness=71.3605  MaxFitness=72.3599
UD:96  MainPopSize=512  AveFitness=71.3427  MaxFitness=72.3599
UD:97  MainPopSize=512  AveFitness=71.4076  MaxFitness=72.3599
UD:98  MainPopSize=512  AveFitness=71.3296  MaxFitness=72.3599
UD:99  MainPopSize=512  AveFitness=71.2918  MaxFitness=72.3599
UD:100  MainPopSize=512  AveFitness=71.2836  MaxFitness=72.3599
UD:101  MainPopSize=512  AveFitness=71.2923  MaxFitness=72.3599
UD:102  MainPopSize=512  AveFitness=71.2389  MaxFitness=72.3599
UD:103  MainPopSize=512  AveFitness=71.399  MaxFitness=72.3599
UD:104  MainPopSize=512  AveFitness=71.3038  MaxFitness=72.3599
UD:105  MainPopSize=512  AveFitness=71.3358  MaxFitness=72.3599
UD:106  MainPopSize=512  AveFitness=71.2611  MaxFitness=72.3599
UD:107  MainPopSize=512  AveFitness=71.2429  MaxFitness=72.3599
UD:108  MainPopSize=512  AveFitness=71.2842  MaxFitness=72.3599
UD:109  MainPopSize=512  AveFitness=71.3908  MaxFitness=72.3599
UD:110  MainPopSize=512  AveFitness=71.3291  MaxFitness=72.3599
UD:111  MainPopSize=512  AveFitness=71.4211  MaxFitness=72.3599
UD:112  MainPopSize=512  AveFitness=71.3239  MaxFitness=72.3599
UD:113  MainPopSize=512  AveFitness=71.3131  MaxFitness=72.3599
UD:114  MainPopSize=512  AveFitness=71.3198  MaxFitness=72.3599
UD:115  MainPopSize=512  AveFitness=71.4092  MaxFitness=72.3599
UD:116  MainPopSize=512  AveFitness=71.3492  MaxFitness=72.3599
UD:117  MainPopSize=512  AveFitness=71.3182  MaxFitness=72.3599
UD:118  MainPopSize=512  AveFitness=71.1894  MaxFitness=72.3599
UD:119  MainPopSize=512  AveFitness=71.2162  MaxFitness=72.3599
UD:120  MainPopSize=512  AveFitness=71.3287  MaxFitness=72.3599
UD:121  MainPopSize=512  AveFitness=71.2767  MaxFitness=72.3599
UD:122  MainPopSize=512  AveFitness=71.285  MaxFitness=72.3599
UD:123  MainPopSize=512  AveFitness=71.2521  MaxFitness=72.3599
UD:124  MainPopSize=512  AveFitness=71.3748  MaxFitness=72.3599
UD:125  MainPopSize=512  AveFitness=71.3374  MaxFitness=72.3599
UD:126  MainPopSize=512  AveFitness=71.3968  MaxFitness=72.3599
UD:127  MainPopSize=512  AveFitness=71.3461  MaxFitness=72.3599
UD:128  MainPopSize=512  AveFitness=71.2648  MaxFitness=72.3599
UD:129  MainPopSize=512  AveFitness=71.3318  MaxFitness=72.3599
UD:130  MainPopSize=512  AveFitness=71.2879  MaxFitness=72.3599
UD:131  MainPopSize=512  AveFitness=71.163  MaxFitness=72.3599
UD:132  MainPopSize=512  AveFitness=71.3682  MaxFitness=72.3599
UD:133  MainPopSize=512  AveFitness=71.3262  MaxFitness=72.3599
UD:134  MainPopSize=512  AveFitness=71.3603  MaxFitness=72.3599
UD:135  MainPopSize=512  AveFitness=71.279  MaxFitness=72.3599
UD:136  MainPopSize=512  AveFitness=71.2726  MaxFitness=72.3599
UD:137  MainPopSize=512  AveFitness=71.3391  MaxFitness=72.3599
UD:138  MainPopSize=512  AveFitness=71.2999  MaxFitness=72.3599
UD:139  MainPopSize=512  AveFitness=71.2852  MaxFitness=72.3599
UD:140  MainPopSize=512  AveFitness=71.2527  MaxFitness=72.3599
UD:141  MainPopSize=512  AveFitness=71.3644  MaxFitness=72.3599
UD:142  MainPopSize=512  AveFitness=71.2667  MaxFitness=72.3599
UD:143  MainPopSize=512  AveFitness=71.2906  MaxFitness=72.3599
UD:144  MainPopSize=512  AveFitness=71.3922  MaxFitness=72.3599
UD:145  MainPopSize=512  AveFitness=71.3322  MaxFitness=72.3599
UD:146  MainPopSize=512  AveFitness=71.2581  MaxFitness=72.3599
UD:147  MainPopSize=512  AveFitness=71.2489  MaxFitness=72.3599
UD:148  MainPopSize=512  AveFitness=71.2625  MaxFitness=72.3599
UD:149  MainPopSize=512  AveFitness=71.139  MaxFitness=72.3599
UD:150  MainPopSize=512  AveFitness=71.2808  MaxFitness=72.3599
UD:151  MainPopSize=512  AveFitness=71.3017  MaxFitness=72.3599
UD:152  MainPopSize=512  AveFitness=71.2872  MaxFitness=72.3599
UD:153  MainPopSize=512  AveFitness=71.3598  MaxFitness=72.3599
UD:154  MainPopSize=512  AveFitness=71.2952  MaxFitness=72.3599
UD:155  MainPopSize=512  AveFitness=71.3446  MaxFitness=72.3599
UD:156  MainPopSize=512  AveFitness=71.3648  MaxFitness=72.3599
UD:157  MainPopSize=512  AveFitness=71.2947  MaxFitness=72.3599
UD:158  MainPopSize=512  AveFitness=71.2719  MaxFitness=72.3599
UD:159  MainPopSize=512  AveFitness=71.3094  MaxFitness=72.3599
UD:160  MainPopSize=512  AveFitness=71.2897  MaxFitness=72.3599
UD:161  MainPopSize=512  AveFitness=71.3704  MaxFitness=72.3599
UD:162  MainPopSize=512  AveFitness=71.2023  MaxFitness=72.3599
UD:163  MainPopSize=512  AveFitness=71.316  MaxFitness=72.3599
UD:164  MainPopSize=512  AveFitness=71.2229  MaxFitness=72.3599
UD:165  MainPopSize=512  AveFitness=71.237  MaxFitness=72.3599
UD:166  MainPopSize=512  AveFitness=71.3922  MaxFitness=72.3599
UD:167  MainPopSize=512  AveFitness=71.3927  MaxFitness=72.3599
UD:168  MainPopSize=512  AveFitness=71.3081  MaxFitness=72.3599
UD:169  MainPopSize=512  AveFitness=71.3186  MaxFitness=72.3599
UD:170  MainPopSize=512  AveFitness=71.2537  MaxFitness=72.3599
UD:171  MainPopSize=512  AveFitness=71.2983  MaxFitness=72.5049
UD:172  MainPopSize=512  AveFitness=71.3968  MaxFitness=72.5049
UD:173  MainPopSize=512  AveFitness=71.3879  MaxFitness=72.5049
UD:174  MainPopSize=512  AveFitness=71.3975  MaxFitness=72.9357
UD:175  MainPopSize=512  AveFitness=71.3816  MaxFitness=72.9357
UD:176  MainPopSize=512  AveFitness=71.4159  MaxFitness=72.9357
UD:177  MainPopSize=512  AveFitness=71.4409  MaxFitness=72.9357
UD:178  MainPopSize=512  AveFitness=71.5511  MaxFitness=72.9357
UD:179  MainPopSize=512  AveFitness=71.6519  MaxFitness=72.9357
UD:180  MainPopSize=512  AveFitness=71.7624  MaxFitness=72.9357
UD:181  MainPopSize=512  AveFitness=71.8572  MaxFitness=72.9357
UD:182  MainPopSize=512  AveFitness=71.8485  MaxFitness=72.9357
UD:183  MainPopSize=512  AveFitness=71.8463  MaxFitness=72.9357
UD:184  MainPopSize=512  AveFitness=71.8672  MaxFitness=72.9357
UD:185  MainPopSize=512  AveFitness=71.9227  MaxFitness=73.17
UD:186  MainPopSize=512  AveFitness=71.8292  MaxFitness=73.17
UD:187  MainPopSize=512  AveFitness=71.841  MaxFitness=73.17
UD:188  MainPopSize=512  AveFitness=71.982  MaxFitness=73.17
UD:189  MainPopSize=512  AveFitness=72.0137  MaxFitness=73.17
UD:190  MainPopSize=512  AveFitness=72.0377  MaxFitness=73.2685
UD:191  MainPopSize=512  AveFitness=72.1246  MaxFitness=73.3712
UD:192  MainPopSize=512  AveFitness=72.1275  MaxFitness=73.3712
UD:193  MainPopSize=512  AveFitness=72.1041  MaxFitness=73.3712
UD:194  MainPopSize=512  AveFitness=72.2763  MaxFitness=73.3712
UD:195  MainPopSize=512  AveFitness=72.3202  MaxFitness=73.3712
UD:196  MainPopSize=512  AveFitness=72.2667  MaxFitness=73.616
UD:197  MainPopSize=512  AveFitness=72.3122  MaxFitness=73.616
UD:198  MainPopSize=512  AveFitness=72.2979  MaxFitness=73.616
UD:199  MainPopSize=512  AveFitness=72.3742  MaxFitness=73.616
UD:200  MainPopSize=512  AveFitness=72.54  MaxFitness=73.616
UD:201  MainPopSize=512  AveFitness=72.5855  MaxFitness=73.616
UD:202  MainPopSize=512  AveFitness=72.5215  MaxFitness=73.616
UD:203  MainPopSize=512  AveFitness=72.5456  MaxFitness=73.616
UD:204  MainPopSize=512  AveFitness=72.6065  MaxFitness=73.616
UD:205  MainPopSize=512  AveFitness=72.4924  MaxFitness=73.616
UD:206  MainPopSize=512  AveFitness=72.5452  MaxFitness=73.616
UD:207  MainPopSize=512  AveFitness=72.546  MaxFitness=73.616
UD:208  MainPopSize=512  AveFitness=72.5015  MaxFitness=73.616
UD:209  MainPopSize=512  AveFitness=72.5344  MaxFitness=73.616
UD:210  MainPopSize=512  AveFitness=72.5056  MaxFitness=73.616
UD:211  MainPopSize=512  AveFitness=72.6605  MaxFitness=73.616
UD:212  MainPopSize=512  AveFitness=72.4925  MaxFitness=73.616
UD:213  MainPopSize=512  AveFitness=72.5282  MaxFitness=73.616
UD:214  MainPopSize=512  AveFitness=72.4571  MaxFitness=73.616
UD:215  MainPopSize=512  AveFitness=72.5495  MaxFitness=73.616
UD:216  MainPopSize=512  AveFitness=72.5913  MaxFitness=73.616
UD:217  MainPopSize=512  AveFitness=72.539  MaxFitness=73.616
UD:218  MainPopSize=512  AveFitness=72.5322  MaxFitness=73.616
UD:219  MainPopSize=512  AveFitness=72.5581  MaxFitness=73.616
UD:220  MainPopSize=512  AveFitness=72.4803  MaxFitness=73.616
UD:221  MainPopSize=512  AveFitness=72.5495  MaxFitness=73.616
UD:222  MainPopSize=512  AveFitness=72.5283  MaxFitness=73.616
UD:223  MainPopSize=512  AveFitness=72.4634  MaxFitness=73.616
UD:224  MainPopSize=512  AveFitness=72.4399  MaxFitness=73.616
UD:225  MainPopSize=512  AveFitness=72.5314  MaxFitness=73.616
UD:226  MainPopSize=512  AveFitness=72.4603  MaxFitness=73.616
UD:227  MainPopSize=512  AveFitness=72.484  MaxFitness=73.616
UD:228  MainPopSize=512  AveFitness=72.5396  MaxFitness=73.616
UD:229  MainPopSize=512  AveFitness=72.5534  MaxFitness=73.616
UD:230  MainPopSize=512  AveFitness=72.5182  MaxFitness=73.616
UD:231  MainPopSize=512  AveFitness=72.6064  MaxFitness=73.616
UD:232  MainPopSize=512  AveFitness=72.442  MaxFitness=73.616
UD:233  MainPopSize=512  AveFitness=72.5145  MaxFitness=73.616
UD:234  MainPopSize=512  AveFitness=72.6052  MaxFitness=73.616
UD:235  MainPopSize=512  AveFitness=72.6198  MaxFitness=73.616
UD:236  MainPopSize=512  AveFitness=72.4821  MaxFitness=73.616
UD:237  MainPopSize=512  AveFitness=72.5296  MaxFitness=73.616
UD:238  MainPopSize=512  AveFitness=72.6185  MaxFitness=73.616
UD:239  MainPopSize=512  AveFitness=72.6487  MaxFitness=73.616
UD:240  MainPopSize=512  AveFitness=72.4816  MaxFitness=73.616
UD:241  MainPopSize=512  AveFitness=72.5369  MaxFitness=73.616
UD:242  MainPopSize=512  AveFitness=72.4502  MaxFitness=73.616
UD:243  MainPopSize=512  AveFitness=72.5428  MaxFitness=73.616
UD:244  MainPopSize=512  AveFitness=72.5267  MaxFitness=73.616
UD:245  MainPopSize=512  AveFitness=72.4792  MaxFitness=73.616
UD:246  MainPopSize=512  AveFitness=72.5146  MaxFitness=73.616
UD:247  MainPopSize=512  AveFitness=72.5908  MaxFitness=73.616
UD:248  MainPopSize=512  AveFitness=72.6452  MaxFitness=73.616
UD:249  MainPopSize=512  AveFitness=72.5911  MaxFitness=73.616
UD:250  MainPopSize=512  AveFitness=72.3575  MaxFitness=73.616
UD:251  MainPopSize=512  AveFitness=72.5304  MaxFitness=73.616
UD:252  MainPopSize=512  AveFitness=72.6266  MaxFitness=73.616
UD:253  MainPopSize=512  AveFitness=72.561  MaxFitness=73.616
UD:254  MainPopSize=512  AveFitness=72.5156  MaxFitness=73.616
UD:255  MainPopSize=512  AveFitness=72.554  MaxFitness=73.616
UD:256  MainPopSize=512  AveFitness=72.4064  MaxFitness=73.616
UD:257  MainPopSize=512  AveFitness=72.5996  MaxFitness=73.616
UD:258  MainPopSize=512  AveFitness=72.5335  MaxFitness=73.616
UD:259  MainPopSize=512  AveFitness=72.4998  MaxFitness=73.616
UD:260  MainPopSize=512  AveFitness=72.4359  MaxFitness=73.616
UD:261  MainPopSize=512  AveFitness=72.537  MaxFitness=73.616
UD:262  MainPopSize=512  AveFitness=72.486  MaxFitness=73.616
UD:263  MainPopSize=512  AveFitness=72.4937  MaxFitness=73.616
UD:264  MainPopSize=512  AveFitness=72.4725  MaxFitness=73.616
UD:265  MainPopSize=512  AveFitness=72.5806  MaxFitness=73.616
UD:266  MainPopSize=512  AveFitness=72.551  MaxFitness=73.616
UD:267  MainPopSize=512  AveFitness=72.4526  MaxFitness=73.616
UD:268  MainPopSize=512  AveFitness=72.551  MaxFitness=73.616
UD:269  MainPopSize=512  AveFitness=72.5449  MaxFitness=73.616
UD:270  MainPopSize=512  AveFitness=72.4392  MaxFitness=73.616
UD:271  MainPopSize=512  AveFitness=72.584  MaxFitness=73.616
UD:272  MainPopSize=512  AveFitness=72.6027  MaxFitness=73.616
UD:273  MainPopSize=512  AveFitness=72.5916  MaxFitness=73.616
UD:274  MainPopSize=512  AveFitness=72.6023  MaxFitness=73.616
UD:275  MainPopSize=512  AveFitness=72.4415  MaxFitness=73.616
UD:276  MainPopSize=512  AveFitness=72.4331  MaxFitness=73.616
UD:277  MainPopSize=512  AveFitness=72.5693  MaxFitness=73.616
UD:278  MainPopSize=512  AveFitness=72.5417  MaxFitness=73.616
UD:279  MainPopSize=512  AveFitness=72.5625  MaxFitness=73.616
UD:280  MainPopSize=512  AveFitness=72.5107  MaxFitness=73.616
UD:281  MainPopSize=512  AveFitness=72.5242  MaxFitness=73.616
UD:282  MainPopSize=512  AveFitness=72.5311  MaxFitness=73.616
UD:283  MainPopSize=512  AveFitness=72.5538  MaxFitness=73.616
UD:284  MainPopSize=512  AveFitness=72.4831  MaxFitness=73.616
UD:285  MainPopSize=512  AveFitness=72.5388  MaxFitness=73.616
UD:286  MainPopSize=512  AveFitness=72.6433  MaxFitness=73.616
UD:287  MainPopSize=512  AveFitness=72.5552  MaxFitness=73.616
UD:288  MainPopSize=512  AveFitness=72.5088  MaxFitness=73.616
UD:289  MainPopSize=512  AveFitness=72.4336  MaxFitness=73.616
UD:290  MainPopSize=512  AveFitness=72.579  MaxFitness=73.616
UD:291  MainPopSize=512  AveFitness=72.5292  MaxFitness=73.616
UD:292  MainPopSize=512  AveFitness=72.5327  MaxFitness=73.616
UD:293  MainPopSize=512  AveFitness=72.5085  MaxFitness=73.616
UD:294  MainPopSize=512  AveFitness=72.5822  MaxFitness=73.616
UD:295  MainPopSize=512  AveFitness=72.5572  MaxFitness=73.616
UD:296  MainPopSize=512  AveFitness=72.5563  MaxFitness=73.616
UD:297  MainPopSize=512  AveFitness=72.5242  MaxFitness=73.616
UD:298  MainPopSize=512  AveFitness=72.5993  MaxFitness=73.616
UD:299  MainPopSize=512  AveFitness=72.4871  MaxFitness=73.616
UD:300  MainPopSize=512  AveFitness=72.5625  MaxFitness=73.616
UD:301  MainPopSize=512  AveFitness=72.5683  MaxFitness=73.616
UD:302  MainPopSize=512  AveFitness=72.706  MaxFitness=73.616
UD:303  MainPopSize=512  AveFitness=72.6147  MaxFitness=73.616
UD:304  MainPopSize=512  AveFitness=72.5311  MaxFitness=73.616
UD:305  MainPopSize=512  AveFitness=72.4888  MaxFitness=73.616
UD:306  MainPopSize=512  AveFitness=72.5427  MaxFitness=73.616
UD:307  MainPopSize=512  AveFitness=72.5315  MaxFitness=73.616
UD:308  MainPopSize=512  AveFitness=72.5235  MaxFitness=73.616
UD:309  MainPopSize=512  AveFitness=72.5191  MaxFitness=73.616
UD:310  MainPopSize=512  AveFitness=72.5996  MaxFitness=73.616
UD:311  MainPopSize=512  AveFitness=72.4938  MaxFitness=73.616
UD:312  MainPopSize=512  AveFitness=72.5682  MaxFitness=73.616
UD:313  MainPopSize=512  AveFitness=72.4817  MaxFitness=73.616
UD:314  MainPopSize=512  AveFitness=72.5289  MaxFitness=73.616
UD:315  MainPopSize=512  AveFitness=72.6329  MaxFitness=73.616
UD:316  MainPopSize=512  AveFitness=72.5968  MaxFitness=73.616
UD:317  MainPopSize=512  AveFitness=72.5452  MaxFitness=73.616
UD:318  MainPopSize=512  AveFitness=72.4892  MaxFitness=73.616
UD:319  MainPopSize=512  AveFitness=72.4754  MaxFitness=73.616
UD:320  MainPopSize=512  AveFitness=72.5223  MaxFitness=73.616
UD:321  MainPopSize=512  AveFitness=72.544  MaxFitness=73.616
UD:322  MainPopSize=512  AveFitness=72.5245  MaxFitness=73.616
UD:323  MainPopSize=512  AveFitness=72.4945  MaxFitness=73.616
UD:324  MainPopSize=512  AveFitness=72.5381  MaxFitness=73.616
UD:325  MainPopSize=512  AveFitness=72.4168  MaxFitness=73.616
UD:326  MainPopSize=512  AveFitness=72.4893  MaxFitness=73.616
UD:327  MainPopSize=512  AveFitness=72.5136  MaxFitness=73.616
UD:328  MainPopSize=512  AveFitness=72.5846  MaxFitness=73.616
UD:329  MainPopSize=512  AveFitness=72.5484  MaxFitness=73.616
UD:330  MainPopSize=512  AveFitness=72.4822  MaxFitness=73.616
UD:331  MainPopSize=512  AveFitness=72.4679  MaxFitness=73.616
UD:332  MainPopSize=512  AveFitness=72.4834  MaxFitness=73.616
UD:333  MainPopSize=512  AveFitness=72.5083  MaxFitness=73.616
UD:334  MainPopSize=512  AveFitness=72.5198  MaxFitness=73.616
UD:335  MainPopSize=512  AveFitness=72.5356  MaxFitness=73.616
UD:336  MainPopSize=512  AveFitness=72.519  MaxFitness=73.616
UD:337  MainPopSize=512  AveFitness=72.5489  MaxFitness=73.616
UD:338  MainPopSize=512  AveFitness=72.5386  MaxFitness=73.616
UD:339  MainPopSize=512  AveFitness=72.4505  MaxFitness=73.616
UD:340  MainPopSize=512  AveFitness=72.5813  MaxFitness=73.616
UD:341  MainPopSize=512  AveFitness=72.6665  MaxFitness=73.616
UD:342  MainPopSize=512  AveFitness=72.5972  MaxFitness=73.616
UD:343  MainPopSize=512  AveFitness=72.4223  MaxFitness=73.616
UD:344  MainPopSize=512  AveFitness=72.5183  MaxFitness=73.616
UD:345  MainPopSize=512  AveFitness=72.5789  MaxFitness=73.616
UD:346  MainPopSize=512  AveFitness=72.5684  MaxFitness=73.616
UD:347  MainPopSize=512  AveFitness=72.5351  MaxFitness=73.616
UD:348  MainPopSize=512  AveFitness=72.6122  MaxFitness=73.616
UD:349  MainPopSize=512  AveFitness=72.4872  MaxFitness=73.616
UD:350  MainPopSize=512  AveFitness=72.5449  MaxFitness=73.616
UD:351  MainPopSize=512  AveFitness=72.5643  MaxFitness=73.616
UD:352  MainPopSize=512  AveFitness=72.5658  MaxFitness=73.616
UD:353  MainPopSize=512  AveFitness=72.5092  MaxFitness=73.616
UD:354  MainPopSize=512  AveFitness=72.5303  MaxFitness=73.616
UD:355  MainPopSize=512  AveFitness=72.4981  MaxFitness=73.616
UD:356  MainPopSize=512  AveFitness=72.5292  MaxFitness=73.616
UD:357  MainPopSize=512  AveFitness=72.5565  MaxFitness=73.616
UD:358  MainPopSize=512  AveFitness=72.4776  MaxFitness=73.616
UD:359  MainPopSize=512  AveFitness=72.5281  MaxFitness=73.616
UD:360  MainPopSize=512  AveFitness=72.5027  MaxFitness=73.616
UD:361  MainPopSize=512  AveFitness=72.487  MaxFitness=73.616
UD:362  MainPopSize=512  AveFitness=72.5315  MaxFitness=73.616
UD:363  MainPopSize=512  AveFitness=72.5126  MaxFitness=73.616
UD:364  MainPopSize=512  AveFitness=72.5337  MaxFitness=73.616
UD:365  MainPopSize=512  AveFitness=72.6219  MaxFitness=73.616
UD:366  MainPopSize=512  AveFitness=72.5719  MaxFitness=73.616
UD:367  MainPopSize=512  AveFitness=72.5008  MaxFitness=73.616
UD:368  MainPopSize=512  AveFitness=72.5423  MaxFitness=73.616
UD:369  MainPopSize=512  AveFitness=72.4947  MaxFitness=73.616
UD:370  MainPopSize=512  AveFitness=72.3676  MaxFitness=73.616
UD:371  MainPopSize=512  AveFitness=72.5094  MaxFitness=73.616
UD:372  MainPopSize=512  AveFitness=72.6494  MaxFitness=73.616
UD:373  MainPopSize=512  AveFitness=72.5871  MaxFitness=73.616
UD:374  MainPopSize=512  AveFitness=72.5215  MaxFitness=73.616
UD:375  MainPopSize=512  AveFitness=72.4638  MaxFitness=73.616
UD:376  MainPopSize=512  AveFitness=72.5148  MaxFitness=73.616
UD:377  MainPopSize=512  AveFitness=72.4618  MaxFitness=73.616
UD:378  MainPopSize=512  AveFitness=72.5307  MaxFitness=73.616
UD:379  MainPopSize=512  AveFitness=72.5893  MaxFitness=73.616
UD:380  MainPopSize=512  AveFitness=72.5827  MaxFitness=73.616
UD:381  MainPopSize=512  AveFitness=72.5277  MaxFitness=73.616
UD:382  MainPopSize=512  AveFitness=72.5143  MaxFitness=73.616
UD:383  MainPopSize=512  AveFitness=72.6077  MaxFitness=73.616
UD:384  MainPopSize=512  AveFitness=72.5338  MaxFitness=73.616
UD:385  MainPopSize=512  AveFitness=72.5115  MaxFitness=73.616
UD:386  MainPopSize=512  AveFitness=72.4457  MaxFitness=73.616
UD:387  MainPopSize=512  AveFitness=72.4666  MaxFitness=73.616
UD:388  MainPopSize=512  AveFitness=72.5765  MaxFitness=73.616
UD:389  MainPopSize=512  AveFitness=72.517  MaxFitness=73.616
UD:390  MainPopSize=512  AveFitness=72.5977  MaxFitness=73.616
UD:391  MainPopSize=512  AveFitness=72.5425  MaxFitness=73.616
UD:392  MainPopSize=512  AveFitness=72.6117  MaxFitness=73.616
UD:393  MainPopSize=512  AveFitness=72.5452  MaxFitness=73.616
UD:394  MainPopSize=512  AveFitness=72.4667  MaxFitness=73.616
UD:395  MainPopSize=512  AveFitness=72.5728  MaxFitness=73.616
UD:396  MainPopSize=512  AveFitness=72.5829  MaxFitness=73.616
UD:397  MainPopSize=512  AveFitness=72.4538  MaxFitness=73.616
UD:398  MainPopSize=512  AveFitness=72.6191  MaxFitness=73.616
UD:399  MainPopSize=512  AveFitness=72.5555  MaxFitness=73.616
UD:400  MainPopSize=512  AveFitness=72.4973  MaxFitness=73.616
UD:401  MainPopSize=512  AveFitness=72.5771  MaxFitness=73.616
UD:402  MainPopSize=512  AveFitness=72.4599  MaxFitness=73.616
UD:403  MainPopSize=512  AveFitness=72.4405  MaxFitness=73.616
UD:404  MainPopSize=512  AveFitness=72.6073  MaxFitness=73.616
UD:405  MainPopSize=512  AveFitness=72.5261  MaxFitness=73.616
UD:406  MainPopSize=512  AveFitness=72.5921  MaxFitness=73.616
UD:407  MainPopSize=512  AveFitness=72.5154  MaxFitness=73.616
UD:408  MainPopSize=512  AveFitness=72.5202  MaxFitness=73.616
UD:409  MainPopSize=512  AveFitness=72.512  MaxFitness=73.616
UD:410  MainPopSize=512  AveFitness=72.4734  MaxFitness=73.616
UD:411  MainPopSize=512  AveFitness=72.4857  MaxFitness=73.616
UD:412  MainPopSize=512  AveFitness=72.5101  MaxFitness=73.616
UD:413  MainPopSize=512  AveFitness=72.5296  MaxFitness=73.616
UD:414  MainPopSize=512  AveFitness=72.5818  MaxFitness=73.616
UD:415  MainPopSize=512  AveFitness=72.5353  MaxFitness=73.616
UD:416  MainPopSize=512  AveFitness=72.5589  MaxFitness=73.616
UD:417  MainPopSize=512  AveFitness=72.5697  MaxFitness=73.616
UD:418  MainPopSize=512  AveFitness=72.5331  MaxFitness=73.616
UD:419  MainPopSize=512  AveFitness=72.5188  MaxFitness=73.616
UD:420  MainPopSize=512  AveFitness=72.4382  MaxFitness=73.616
UD:421  MainPopSize=512  AveFitness=72.4474  MaxFitness=73.616
UD:422  MainPopSize=512  AveFitness=72.5787  MaxFitness=73.616
UD:423  MainPopSize=512  AveFitness=72.5128  MaxFitness=73.616
UD:424  MainPopSize=512  AveFitness=72.5712  MaxFitness=73.616
UD:425  MainPopSize=512  AveFitness=72.5194  MaxFitness=73.616
UD:426  MainPopSize=512  AveFitness=72.4812  MaxFitness=73.616
UD:427  MainPopSize=512  AveFitness=72.6484  MaxFitness=73.616
UD:428  MainPopSize=512  AveFitness=72.5869  MaxFitness=73.616
UD:429  MainPopSize=512  AveFitness=72.4978  MaxFitness=73.616
UD:430  MainPopSize=512  AveFitness=72.5985  MaxFitness=73.616
UD:431  MainPopSize=512  AveFitness=72.5181  MaxFitness=73.616
UD:432  MainPopSize=512  AveFitness=72.5916  MaxFitness=73.616
UD:433  MainPopSize=512  AveFitness=72.6455  MaxFitness=73.616
UD:434  MainPopSize=512  AveFitness=72.55  MaxFitness=73.616
UD:435  MainPopSize=512  AveFitness=72.5482  MaxFitness=73.616
UD:436  MainPopSize=512  AveFitness=72.5885  MaxFitness=73.616
UD:437  MainPopSize=512  AveFitness=72.5619  MaxFitness=73.616
UD:438  MainPopSize=512  AveFitness=72.5797  MaxFitness=73.616
UD:439  MainPopSize=512  AveFitness=72.5558  MaxFitness=73.616
UD:440  MainPopSize=512  AveFitness=72.4794  MaxFitness=73.616
UD:441  MainPopSize=512  AveFitness=72.6609  MaxFitness=73.616
UD:442  MainPopSize=512  AveFitness=72.5407  MaxFitness=73.616
UD:443  MainPopSize=512  AveFitness=72.5237  MaxFitness=73.616
UD:444  MainPopSize=512  AveFitness=72.6369  MaxFitness=73.616
UD:445  MainPopSize=512  AveFitness=72.5621  MaxFitness=73.616
UD:446  MainPopSize=512  AveFitness=72.6135  MaxFitness=73.616
UD:447  MainPopSize=512  AveFitness=72.5681  MaxFitness=73.616
UD:448  MainPopSize=512  AveFitness=72.5881  MaxFitness=73.616
UD:449  MainPopSize=512  AveFitness=72.5675  MaxFitness=73.616
UD:450  MainPopSize=512  AveFitness=72.5682  MaxFitness=73.616
UD:451  MainPopSize=512  AveFitness=72.5532  MaxFitness=73.616
UD:452  MainPopSize=512  AveFitness=72.5836  MaxFitness=73.616
UD:453  MainPopSize=512  AveFitness=72.5523  MaxFitness=73.616
UD:454  MainPopSize=512  AveFitness=72.5331  MaxFitness=73.616
UD:455  MainPopSize=512  AveFitness=72.5318  MaxFitness=73.616
UD:456  MainPopSize=512  AveFitness=72.5324  MaxFitness=73.616
UD:457  MainPopSize=512  AveFitness=72.5993  MaxFitness=73.616
UD:458  MainPopSize=512  AveFitness=72.6296  MaxFitness=73.616
UD:459  MainPopSize=512  AveFitness=72.4981  MaxFitness=73.616
UD:460  MainPopSize=512  AveFitness=72.4744  MaxFitness=73.616
UD:461  MainPopSize=512  AveFitness=72.4632  MaxFitness=73.616
UD:462  MainPopSize=512  AveFitness=72.5999  MaxFitness=73.616
UD:463  MainPopSize=512  AveFitness=72.5165  MaxFitness=73.616
UD:464  MainPopSize=512  AveFitness=72.5467  MaxFitness=73.616
UD:465  MainPopSize=512  AveFitness=72.5787  MaxFitness=73.616
UD:466  MainPopSize=512  AveFitness=72.5445  MaxFitness=73.616
UD:467  MainPopSize=512  AveFitness=72.482  MaxFitness=73.616
UD:468  MainPopSize=512  AveFitness=72.5586  MaxFitness=73.616
UD:469  MainPopSize=512  AveFitness=72.5168  MaxFitness=73.616
UD:470  MainPopSize=512  AveFitness=72.4357  MaxFitness=73.616
UD:471  MainPopSize=512  AveFitness=72.5541  MaxFitness=73.616
UD:472  MainPopSize=512  AveFitness=72.4841  MaxFitness=73.616
UD:473  MainPopSize=512  AveFitness=72.6006  MaxFitness=73.616
UD:474  MainPopSize=512  AveFitness=72.5543  MaxFitness=73.616
UD:475  MainPopSize=512  AveFitness=72.4445  MaxFitness=73.616
UD:476  MainPopSize=512  AveFitness=72.5499  MaxFitness=73.616
UD:477  MainPopSize=512  AveFitness=72.6083  MaxFitness=73.616
UD:478  MainPopSize=512  AveFitness=72.5833  MaxFitness=73.616
UD:479  MainPopSize=512  AveFitness=72.5047  MaxFitness=73.616
UD:480  MainPopSize=512  AveFitness=72.4562  MaxFitness=73.616
UD:481  MainPopSize=512  AveFitness=72.5531  MaxFitness=73.616
UD:482  MainPopSize=512  AveFitness=72.5322  MaxFitness=73.616
UD:483  MainPopSize=512  AveFitness=72.5643  MaxFitness=73.616
UD:484  MainPopSize=512  AveFitness=72.5052  MaxFitness=73.616
UD:485  MainPopSize=512  AveFitness=72.5392  MaxFitness=73.616
UD:486  MainPopSize=512  AveFitness=72.6155  MaxFitness=73.616
UD:487  MainPopSize=512  AveFitness=72.553  MaxFitness=73.616
UD:488  MainPopSize=512  AveFitness=72.4684  MaxFitness=73.616
UD:489  MainPopSize=512  AveFitness=72.5665  MaxFitness=73.616
UD:490  MainPopSize=512  AveFitness=72.5071  MaxFitness=73.616
UD:491  MainPopSize=512  AveFitness=72.4651  MaxFitness=73.616
UD:492  MainPopSize=512  AveFitness=72.515  MaxFitness=73.616
UD:493  MainPopSize=512  AveFitness=72.5225  MaxFitness=73.616
UD:494  MainPopSize=512  AveFitness=72.5104  MaxFitness=73.616
UD:495  MainPopSize=512  AveFitness=72.5081  MaxFitness=73.616
UD:496  MainPopSize=512  AveFitness=72.532  MaxFitness=73.616
UD:497  MainPopSize=512  AveFitness=72.6575  MaxFitness=73.616
UD:498  MainPopSize=512  AveFitness=72.5754  MaxFitness=73.616
UD:499  MainPopSize=512  AveFitness=72.3146  MaxFitness=73.616
UD:500  MainPopSize=512  AveFitness=72.5282  MaxFitness=73.616
